Component: Arm Compiler for Embedded 6.24 Tool: armlink [5f371500]

==============================================================================

Section Cross References

    startup_lpc17xx.o(STACK) refers (Special) to heapauxi.o(.text) for __use_two_region_memory
    startup_lpc17xx.o(HEAP) refers (Special) to heapauxi.o(.text) for __use_two_region_memory
    startup_lpc17xx.o(RESET) refers (Special) to heapauxi.o(.text) for __use_two_region_memory
    startup_lpc17xx.o(RESET) refers to startup_lpc17xx.o(STACK) for __initial_sp
    startup_lpc17xx.o(RESET) refers to startup_lpc17xx.o(.text) for Reset_Handler
    startup_lpc17xx.o(RESET) refers to irq_timer.o(.text) for TIMER0_IRQHandler
    startup_lpc17xx.o(RESET) refers to irq_button.o(.text) for EINT0_IRQHandler
    startup_lpc17xx.o(RESET) refers to irq_rit.o(.text) for RIT_IRQHandler
    startup_lpc17xx.o(.ARM.__at_0x02FC) refers (Special) to heapauxi.o(.text) for __use_two_region_memory
    startup_lpc17xx.o(.text) refers (Special) to heapauxi.o(.text) for __use_two_region_memory
    startup_lpc17xx.o(.text) refers to __main.o(!!!main) for __main
    startup_lpc17xx.o(.text) refers to startup_lpc17xx.o(HEAP) for Heap_Mem
    startup_lpc17xx.o(.text) refers to startup_lpc17xx.o(STACK) for Stack_Mem
    sample.o(.text) refers to lib_tetris.o(.bss.game_state) for game_state
    sample.o(.text) refers to system_lpc17xx.o(.text) for SystemInit
    sample.o(.text) refers to glcd.o(.text) for LCD_Initialization
    sample.o(.text) refers to lib_button.o(.text) for BUTTON_init
    sample.o(.text) refers to lib_tetris.o(.bss.start_grid) for start_grid
    sample.o(.text) refers to lib_tetris.o(.data.LCD_width) for LCD_width
    sample.o(.text) refers to lib_tetris.o(.data.grid_width) for grid_width
    sample.o(.text) refers to lib_tetris.o(.data.LCD_height) for LCD_height
    sample.o(.text) refers to lib_tetris.o(.data.grid_height) for grid_height
    sample.o(.text) refers to lib_tetris.o(.bss.delta_w) for delta_w
    sample.o(.text) refers to lib_tetris.o(.bss.game_width) for game_width
    sample.o(.text) refers to lib_tetris.o(.bss.delta_h) for delta_h
    sample.o(.text) refers to lib_tetris.o(.text) for init_Grid
    sample.o(.text) refers to lib_tetris.o(.data.score_height) for score_height
    sample.o(.text) refers to lib_tetris.o(.bss.soft_drop) for soft_drop
    sample.o(.text) refers to lib_timer.o(.text) for init_timer
    sample.o(.text) refers to lib_rit.o(.text) for init_RIT
    sample.o(.ARM.exidx) refers to sample.o(.text) for [Anonymous Symbol]
    system_lpc17xx.o(.text) refers to system_lpc17xx.o(.data.SystemFrequency) for SystemFrequency
    system_lpc17xx.o(.ARM.exidx) refers to system_lpc17xx.o(.text) for [Anonymous Symbol]
    irq_timer.o(.text) refers to lib_tetris.o(.bss.game_state) for game_state
    irq_timer.o(.text) refers to lib_tetris.o(.bss.soft_drop) for soft_drop
    irq_timer.o(.text) refers to lib_tetris.o(.bss.anchor) for anchor
    irq_timer.o(.text) refers to lib_tetris.o(.bss.piece) for piece
    irq_timer.o(.text) refers to lib_tetris.o(.bss.start_grid) for start_grid
    irq_timer.o(.text) refers to lib_tetris.o(.text) for check_colisions
    irq_timer.o(.text) refers to lib_tetris.o(.bss.abs_piece) for abs_piece
    irq_timer.o(.text) refers to lib_tetris.o(.bss.grid) for grid
    irq_timer.o(.text) refers to lib_tetris.o(.bss.delta_w) for delta_w
    irq_timer.o(.text) refers to lib_tetris.o(.bss.delta_h) for delta_h
    irq_timer.o(.text) refers to lib_tetris.o(.bss.prev_grid) for prev_grid
    irq_timer.o(.text) refers to lib_tetris.o(.bss.game_width) for game_width
    irq_timer.o(.text) refers to lib_tetris.o(.data.score_height) for score_height
    irq_timer.o(.text) refers to lib_tetris.o(.bss.top_score) for top_score
    irq_timer.o(.text) refers to lib_tetris.o(.bss.curr_score) for curr_score
    irq_timer.o(.text) refers to lib_tetris.o(.bss.lines_cleared) for lines_cleared
    irq_timer.o(.text) refers to irq_timer.o(.bss.TIMER1_IRQHandler.down1) for TIMER1_IRQHandler.down1
    irq_timer.o(.text) refers to rand.o(.text) for srand
    irq_timer.o(.text) refers to lib_tetris.o(.data.LCD_height) for LCD_height
    irq_timer.o(.text) refers to lib_tetris.o(.data.grid_width) for grid_width
    irq_timer.o(.text) refers to lib_tetris.o(.data.grid_height) for grid_height
    irq_timer.o(.text) refers to lib_rit.o(.text) for reset_RIT
    irq_timer.o(.text) refers to lib_timer.o(.text) for disable_timer
    irq_timer.o(.text) refers to irq_timer.o(.bss.TIMER1_IRQHandler.down2) for TIMER1_IRQHandler.down2
    irq_timer.o(.ARM.exidx) refers to irq_timer.o(.text) for [Anonymous Symbol]
    lib_timer.o(.ARM.exidx) refers to lib_timer.o(.text) for [Anonymous Symbol]
    asciilib.o(.text) refers to asciilib.o(.rodata.AsciiLib) for AsciiLib
    asciilib.o(.ARM.exidx) refers to asciilib.o(.text) for [Anonymous Symbol]
    glcd.o(.text) refers to asciilib.o(.text) for GetASCIICode
[...]
    touchpanel.o(.text) refers to glcd.o(.text) for LCD_SetPoint
    touchpanel.o(.text) refers to rt_memclr_w.o(.text) for __aeabi_memclr4
    touchpanel.o(.text) refers to touchpanel.o(.bss.Read_Ads7846.screen) for Read_Ads7846.screen
    touchpanel.o(.text) refers to dflt_clz.o(x$fpl$dflt) for __aeabi_i2d
    touchpanel.o(.text) refers to dcmp.o(x$fpl$fcmp) for __aeabi_dcmpeq
    touchpanel.o(.text) refers to dmul.o(x$fpl$dmul) for __aeabi_dmul
    touchpanel.o(.text) refers to daddsub_clz.o(x$fpl$dadd) for __aeabi_dadd
    touchpanel.o(.text) refers to ddiv.o(x$fpl$ddiv) for __aeabi_ddiv
    touchpanel.o(.text) refers to dfix.o(x$fpl$dfix) for __aeabi_d2iz
    touchpanel.o(.text) refers to touchpanel.o(.rodata.str1.1) for .L.str
    touchpanel.o(.text) refers to touchpanel.o(.data.DisplaySample) for DisplaySample
    touchpanel.o(.text) refers to touchpanel.o(.bss.ScreenSample) for ScreenSample
    touchpanel.o(.text) refers to touchpanel.o(.bss.matrix) for matrix
    touchpanel.o(.ARM.exidx) refers to touchpanel.o(.text) for [Anonymous Symbol]
    lib_tetris.o(.text) refers (Special) to _printf_percent.o(.ARM.Collect$$_printf_percent$$00000000) for _printf_percent
    lib_tetris.o(.text) refers (Special) to _printf_d.o(.ARM.Collect$$_printf_percent$$00000009) for _printf_d
    lib_tetris.o(.text) refers (Special) to _printf_dec.o(.text) for _printf_int_dec
    lib_tetris.o(.text) refers to glcd.o(.text) for LCD_Clear
    lib_tetris.o(.text) refers to lib_tetris.o(.bss.grid) for grid
    lib_tetris.o(.text) refers to rt_memclr_w.o(.text) for __aeabi_memclr4
    lib_tetris.o(.text) refers to lib_tetris.o(.bss.prev_grid) for prev_grid
    lib_tetris.o(.text) refers to lib_tetris.o(.rodata.str1.1) for .L.str
    lib_tetris.o(.text) refers to noretval__2sprintf.o(.text) for __2sprintf
    lib_tetris.o(.text) refers to lib_tetris.o(.rodata..Lswitch.table.spawn_new_piece) for .Lswitch.table.spawn_new_piece
    lib_tetris.o(.text) refers to rand.o(.emb_text) for rand
    lib_tetris.o(.text) refers to lib_tetris.o(.data.all_shapes) for all_shapes
    lib_tetris.o(.text) refers to lib_tetris.o(.bss.curr_score) for curr_score
    lib_tetris.o(.text) refers to lib_tetris.o(.bss.lines_cleared) for lines_cleared
    lib_tetris.o(.text) refers to lib_tetris.o(.bss.game_state) for game_state
    lib_tetris.o(.text) refers to lib_tetris.o(.bss.top_score) for top_score
    lib_tetris.o(.text) refers to lib_tetris.o(.bss.start_grid) for start_grid
    lib_tetris.o(.text) refers to lib_tetris.o(.data.score_height) for score_height
    lib_tetris.o(.ARM.exidx) refers (Special) to _printf_percent.o(.ARM.Collect$$_printf_percent$$00000000) for _printf_percent
    lib_tetris.o(.ARM.exidx) refers (Special) to _printf_d.o(.ARM.Collect$$_printf_percent$$00000009) for _printf_d
    lib_tetris.o(.ARM.exidx) refers (Special) to _printf_dec.o(.text) for _printf_int_dec
    lib_tetris.o(.ARM.exidx) refers to lib_tetris.o(.text) for [Anonymous Symbol]
    lib_tetris.o(.data.all_shapes) refers (Special) to _printf_percent.o(.ARM.Collect$$_printf_percent$$00000000) for _printf_percent
    lib_tetris.o(.data.all_shapes) refers (Special) to _printf_d.o(.ARM.Collect$$_printf_percent$$00000009) for _printf_d
    lib_tetris.o(.data.all_shapes) refers (Special) to _printf_dec.o(.text) for _printf_int_dec
    lib_tetris.o(.data.score_height) refers (Special) to _printf_percent.o(.ARM.Collect$$_printf_percent$$00000000) for _printf_percent
    lib_tetris.o(.data.score_height) refers (Special) to _printf_d.o(.ARM.Collect$$_printf_percent$$00000009) for _printf_d
    lib_tetris.o(.data.score_height) refers (Special) to _printf_dec.o(.text) for _printf_int_dec
    lib_tetris.o(.data.LCD_width) refers (Special) to _printf_percent.o(.ARM.Collect$$_printf_percent$$00000000) for _printf_percent
    lib_tetris.o(.data.LCD_width) refers (Special) to _printf_d.o(.ARM.Collect$$_printf_percent$$00000009) for _printf_d
    lib_tetris.o(.data.LCD_width) refers (Special) to _printf_dec.o(.text) for _printf_int_dec
    lib_tetris.o(.data.LCD_height) refers (Special) to _printf_percent.o(.ARM.Collect$$_printf_percent$$00000000) for _printf_percent
    lib_tetris.o(.data.LCD_height) refers (Special) to _printf_d.o(.ARM.Collect$$_printf_percent$$00000009) for _printf_d
    lib_tetris.o(.data.LCD_height) refers (Special) to _printf_dec.o(.text) for _printf_int_dec
    lib_tetris.o(.data.grid_width) refers (Special) to _printf_percent.o(.ARM.Collect$$_printf_percent$$00000000) for _printf_percent
    lib_tetris.o(.data.grid_width) refers (Special) to _printf_d.o(.ARM.Collect$$_printf_percent$$00000009) for _printf_d
    lib_tetris.o(.data.grid_width) refers (Special) to _printf_dec.o(.text) for _printf_int_dec
    lib_tetris.o(.data.grid_height) refers (Special) to _printf_percent.o(.ARM.Collect$$_printf_percent$$00000000) for _printf_percent
    lib_tetris.o(.data.grid_height) refers (Special) to _printf_d.o(.ARM.Collect$$_printf_percent$$00000009) for _printf_d
    lib_tetris.o(.data.grid_height) refers (Special) to _printf_dec.o(.text) for _printf_int_dec
    lib_tetris.o(.bss.grid) refers (Special) to _printf_percent.o(.ARM.Collect$$_printf_percent$$00000000) for _printf_percent
    lib_tetris.o(.bss.grid) refers (Special) to _printf_d.o(.ARM.Collect$$_printf_percent$$00000009) for _printf_d
    lib_tetris.o(.bss.grid) refers (Special) to _printf_dec.o(.text) for _printf_int_dec
    lib_tetris.o(.bss.prev_grid) refers (Special) to _printf_percent.o(.ARM.Collect$$_printf_percent$$00000000) for _printf_percent
    lib_tetris.o(.bss.prev_grid) refers (Special) to _printf_d.o(.ARM.Collect$$_printf_percent$$00000009) for _printf_d
    lib_tetris.o(.bss.prev_grid) refers (Special) to _printf_dec.o(.text) for _printf_int_dec
    lib_tetris.o(.rodata.str1.1) refers (Special) to _printf_percent.o(.ARM.Collect$$_printf_percent$$00000000) for _printf_percent
    lib_tetris.o(.rodata.str1.1) refers (Special) to _printf_d.o(.ARM.Collect$$_printf_percent$$00000009) for _printf_d
    lib_tetris.o(.rodata.str1.1) refers (Special) to _printf_dec.o(.text) for _printf_int_dec
    lib_tetris.o(.bss.lines_cleared) refers (Special) to _printf_percent.o(.ARM.Collect$$_printf_percent$$00000000) for _printf_percent
    lib_tetris.o(.bss.lines_cleared) refers (Special) to _printf_d.o(.ARM.Collect$$_printf_percent$$00000009) for _printf_d
    lib_tetris.o(.bss.lines_cleared) refers (Special) to _printf_dec.o(.text) for _printf_int_dec
    lib_tetris.o(.bss.curr_score) refers (Special) to _printf_percent.o(.ARM.Collect$$_printf_percent$$00000000) for _printf_percent
    lib_tetris.o(.bss.curr_score) refers (Special) to _printf_d.o(.ARM.Collect$$_printf_percent$$00000009) for _printf_d
    lib_tetris.o(.bss.curr_score) refers (Special) to _printf_dec.o(.text) for _printf_int_dec
    lib_tetris.o(.bss.game_state) refers (Special) to _printf_percent.o(.ARM.Collect$$_printf_percent$$00000000) for _printf_percent
    lib_tetris.o(.bss.game_state) refers (Special) to _printf_d.o(.ARM.Collect$$_printf_percent$$00000009) for _printf_d
    lib_tetris.o(.bss.game_state) refers (Special) to _printf_dec.o(.text) for _printf_int_dec
    lib_tetris.o(.bss.top_score) refers (Special) to _printf_percent.o(.ARM.Collect$$_printf_percent$$00000000) for _printf_percent
    lib_tetris.o(.bss.top_score) refers (Special) to _printf_d.o(.ARM.Collect$$_printf_percent$$00000009) for _printf_d
    lib_tetris.o(.bss.top_score) refers (Special) to _printf_dec.o(.text) for _printf_int_dec
    lib_tetris.o(.bss.start_grid) refers (Special) to _printf_percent.o(.ARM.Collect$$_printf_percent$$00000000) for _printf_percent
    lib_tetris.o(.bss.start_grid) refers (Special) to _printf_d.o(.ARM.Collect$$_printf_percent$$00000009) for _printf_d
    lib_tetris.o(.bss.start_grid) refers (Special) to _printf_dec.o(.text) for _printf_int_dec
    lib_tetris.o(.bss.piece) refers (Special) to _printf_percent.o(.ARM.Collect$$_printf_percent$$00000000) for _printf_percent
    lib_tetris.o(.bss.piece) refers (Special) to _printf_d.o(.ARM.Collect$$_printf_percent$$00000009) for _printf_d
    lib_tetris.o(.bss.piece) refers (Special) to _printf_dec.o(.text) for _printf_int_dec
    lib_tetris.o(.bss.abs_piece) refers (Special) to _printf_percent.o(.ARM.Collect$$_printf_percent$$00000000) for _printf_percent
    lib_tetris.o(.bss.abs_piece) refers (Special) to _printf_d.o(.ARM.Collect$$_printf_percent$$00000009) for _printf_d
    lib_tetris.o(.bss.abs_piece) refers (Special) to _printf_dec.o(.text) for _printf_int_dec
    lib_tetris.o(.bss.anchor) refers (Special) to _printf_percent.o(.ARM.Collect$$_printf_percent$$00000000) for _printf_percent
    lib_tetris.o(.bss.anchor) refers (Special) to _printf_d.o(.ARM.Collect$$_printf_percent$$00000009) for _printf_d
    lib_tetris.o(.bss.anchor) refers (Special) to _printf_dec.o(.text) for _printf_int_dec
    lib_tetris.o(.bss.delta_w) refers (Special) to _printf_percent.o(.ARM.Collect$$_printf_percent$$00000000) for _printf_percent
    lib_tetris.o(.bss.delta_w) refers (Special) to _printf_d.o(.ARM.Collect$$_printf_percent$$00000009) for _printf_d
    lib_tetris.o(.bss.delta_w) refers (Special) to _printf_dec.o(.text) for _printf_int_dec
    lib_tetris.o(.bss.delta_h) refers (Special) to _printf_percent.o(.ARM.Collect$$_printf_percent$$00000000) for _printf_percent
    lib_tetris.o(.bss.delta_h) refers (Special) to _printf_d.o(.ARM.Collect$$_printf_percent$$00000009) for _printf_d
    lib_tetris.o(.bss.delta_h) refers (Special) to _printf_dec.o(.text) for _printf_int_dec
    lib_tetris.o(.bss.soft_drop) refers (Special) to _printf_percent.o(.ARM.Collect$$_printf_percent$$00000000) for _printf_percent
    lib_tetris.o(.bss.soft_drop) refers (Special) to _printf_d.o(.ARM.Collect$$_printf_percent$$00000009) for _printf_d
    lib_tetris.o(.bss.soft_drop) refers (Special) to _printf_dec.o(.text) for _printf_int_dec
    lib_tetris.o(.bss.game_width) refers (Special) to _printf_percent.o(.ARM.Collect$$_printf_percent$$00000000) for _printf_percent
    lib_tetris.o(.bss.game_width) refers (Special) to _printf_d.o(.ARM.Collect$$_printf_percent$$00000009) for _printf_d
    lib_tetris.o(.bss.game_width) refers (Special) to _printf_dec.o(.text) for _printf_int_dec
    lib_tetris.o(.rodata..Lswitch.table.spawn_new_piece) refers (Special) to _printf_percent.o(.ARM.Collect$$_printf_percent$$00000000) for _printf_percent
    lib_tetris.o(.rodata..Lswitch.table.spawn_new_piece) refers (Special) to _printf_d.o(.ARM.Collect$$_printf_percent$$00000009) for _printf_d
    lib_tetris.o(.rodata..Lswitch.table.spawn_new_piece) refers (Special) to _printf_dec.o(.text) for _printf_int_dec
    irq_button.o(.text) refers to lib_timer.o(.text) for enable_timer
    irq_button.o(.ARM.exidx) refers to irq_button.o(.text) for [Anonymous Symbol]
    lib_button.o(.ARM.exidx) refers to lib_button.o(.text) for [Anonymous Symbol]
    irq_rit.o(.text) refers to lib_tetris.o(.bss.abs_piece) for abs_piece
    irq_rit.o(.text) refers to irq_rit.o(.bss.RIT_IRQHandler.select) for RIT_IRQHandler.select
    irq_rit.o(.text) refers to lib_tetris.o(.bss.game_state) for game_state
    irq_rit.o(.text) refers to lib_tetris.o(.bss.anchor) for anchor
    irq_rit.o(.text) refers to lib_tetris.o(.bss.piece) for piece
    irq_rit.o(.text) refers to lib_tetris.o(.bss.start_grid) for start_grid
    irq_rit.o(.text) refers to lib_tetris.o(.text) for check_colisions
    irq_rit.o(.text) refers to lib_tetris.o(.bss.grid) for grid
    irq_rit.o(.text) refers to lib_tetris.o(.bss.delta_w) for delta_w
    irq_rit.o(.text) refers to lib_tetris.o(.bss.delta_h) for delta_h
    irq_rit.o(.text) refers to lib_tetris.o(.bss.prev_grid) for prev_grid
    irq_rit.o(.text) refers to lib_tetris.o(.bss.soft_drop) for soft_drop
    irq_rit.o(.ARM.exidx) refers to irq_rit.o(.text) for [Anonymous Symbol]
    lib_rit.o(.ARM.exidx) refers to lib_rit.o(.text) for [Anonymous Symbol]
    __2sprintf.o(.text) refers to _printf_char_common.o(.text) for _printf_char_common
    __2sprintf.o(.text) refers to _sputc.o(.text) for _sputc
    noretval__2sprintf.o(.text) refers to _printf_char_common.o(.text) for _printf_char_common
    noretval__2sprintf.o(.text) refers to _sputc.o(.text) for _sputc
    __printf.o(.text) refers to _printf_percent.o(.ARM.Collect$$_printf_percent$$00000000) for _printf_percent
    _printf_dec.o(.text) refers to _printf_intcommon.o(.text) for _printf_int_common
    __printf_flags.o(.text) refers to _printf_percent.o(.ARM.Collect$$_printf_percent$$00000000) for _printf_percent
    __printf_flags.o(.text) refers to __printf_flags.o(.constdata) for .constdata
    __printf_ss.o(.text) refers to _printf_percent.o(.ARM.Collect$$_printf_percent$$00000000) for _printf_percent
    __printf_flags_ss.o(.text) refers to _printf_percent.o(.ARM.Collect$$_printf_percent$$00000000) for _printf_percent
    __printf_flags_ss.o(.text) refers to __printf_flags_ss.o(.constdata) for .constdata
    __printf_wp.o(.text) refers to __printf_wp.o(i._is_digit) for _is_digit
    __printf_wp.o(.text) refers to _printf_percent.o(.ARM.Collect$$_printf_percent$$00000000) for _printf_percent
    __printf_flags_wp.o(.text) refers to __printf_wp.o(i._is_digit) for _is_digit
    __printf_flags_wp.o(.text) refers to _printf_percent.o(.ARM.Collect$$_printf_percent$$00000000) for _printf_percent
    __printf_flags_wp.o(.text) refers to __printf_flags_wp.o(.constdata) for .constdata
    __printf_ss_wp.o(.text) refers to __printf_wp.o(i._is_digit) for _is_digit
    __printf_ss_wp.o(.text) refers to _printf_percent.o(.ARM.Collect$$_printf_percent$$00000000) for _printf_percent
    __printf_flags_ss_wp.o(.text) refers to __printf_wp.o(i._is_digit) for _is_digit
    __printf_flags_ss_wp.o(.text) refers to _printf_percent.o(.ARM.Collect$$_printf_percent$$00000000) for _printf_percent
    __printf_flags_ss_wp.o(.text) refers to __printf_flags_ss_wp.o(.constdata) for .constdata
    _printf_d.o(.ARM.Collect$$_printf_percent$$00000009) refers (Weak) to _printf_dec.o(.text) for _printf_int_dec
    _printf_percent.o(.ARM.Collect$$_printf_percent$$00000000) refers (Special) to _printf_percent_end.o(.ARM.Collect$$_printf_percent$$00000017) for _printf_percent_end
    rand.o(.emb_text) refers (Special) to libinit2.o(.ARM.Collect$$libinit$$0000000F) for __rt_lib_init_rand_2
    rand.o(.emb_text) refers to rand.o(.text) for _rand_init
    rand.o(.emb_text) refers to rand.o(.bss) for _random_number_data
    rand.o(.text) refers (Special) to libinit2.o(.ARM.Collect$$libinit$$0000000F) for __rt_lib_init_rand_2
    rand.o(.text) refers to rand.o(.bss) for .bss
    rand.o(.bss) refers (Special) to libinit2.o(.ARM.Collect$$libinit$$0000000F) for __rt_lib_init_rand_2
    rt_memcpy_v6.o(.text) refers to rt_memcpy_w.o(.text) for __aeabi_memcpy4
    __main.o(!!!main) refers to __rtentry.o(.ARM.Collect$$rtentry$$00000000) for __rt_entry
    daddsub_clz.o(x$fpl$dadd) refers (Special) to usenofp.o(x$fpl$usenofp) for __I$use$fp
    daddsub_clz.o(x$fpl$dadd) refers to daddsub_clz.o(x$fpl$dsub) for _dsub1
    daddsub_clz.o(x$fpl$dadd) refers to dretinf.o(x$fpl$dretinf) for __fpl_dretinf
    daddsub_clz.o(x$fpl$dadd) refers to dnaninf.o(x$fpl$dnaninf) for __fpl_dnaninf
    daddsub_clz.o(x$fpl$drsb) refers (Special) to usenofp.o(x$fpl$usenofp) for __I$use$fp
    daddsub_clz.o(x$fpl$drsb) refers to daddsub_clz.o(x$fpl$dadd) for _dadd1
    daddsub_clz.o(x$fpl$drsb) refers to daddsub_clz.o(x$fpl$dsub) for _dsub1
    daddsub_clz.o(x$fpl$dsub) refers (Special) to usenofp.o(x$fpl$usenofp) for __I$use$fp
    daddsub_clz.o(x$fpl$dsub) refers to daddsub_clz.o(x$fpl$dadd) for _dadd1
    daddsub_clz.o(x$fpl$dsub) refers to dnaninf.o(x$fpl$dnaninf) for __fpl_dnaninf
    dcmp.o(x$fpl$fcmp) refers (Special) to usenofp.o(x$fpl$usenofp) for __I$use$fp
    dcmp.o(x$fpl$fcmp) refers to deqf.o(x$fpl$deqf) for _dcmpeq
    dcmp.o(x$fpl$fcmp) refers to dgeqf.o(x$fpl$dgeqf) for _dcmpge
    dcmp.o(x$fpl$fcmp) refers to dleqf.o(x$fpl$dleqf) for _dcmple
    ddiv.o(x$fpl$drdiv) refers (Special) to usenofp.o(x$fpl$usenofp) for __I$use$fp
    ddiv.o(x$fpl$drdiv) refers to ddiv.o(x$fpl$ddiv) for ddiv_entry
    ddiv.o(x$fpl$ddiv) refers (Special) to usenofp.o(x$fpl$usenofp) for __I$use$fp
    ddiv.o(x$fpl$ddiv) refers to dretinf.o(x$fpl$dretinf) for __fpl_dretinf
    ddiv.o(x$fpl$ddiv) refers to dnaninf.o(x$fpl$dnaninf) for __fpl_dnaninf
    dfix.o(x$fpl$dfix) refers (Special) to usenofp.o(x$fpl$usenofp) for __I$use$fp
    dfix.o(x$fpl$dfix) refers to dnaninf.o(x$fpl$dnaninf) for __fpl_dnaninf
    dfix.o(x$fpl$dfixr) refers (Special) to usenofp.o(x$fpl$usenofp) for __I$use$fp
    dfix.o(x$fpl$dfixr) refers to dnaninf.o(x$fpl$dnaninf) for __fpl_dnaninf
    dflt_clz.o(x$fpl$dfltu) refers (Special) to usenofp.o(x$fpl$usenofp) for __I$use$fp
    dflt_clz.o(x$fpl$dflt) refers (Special) to usenofp.o(x$fpl$usenofp) for __I$use$fp
    dflt_clz.o(x$fpl$dfltn) refers (Special) to usenofp.o(x$fpl$usenofp) for __I$use$fp
    dmul.o(x$fpl$dmul) refers (Special) to usenofp.o(x$fpl$usenofp) for __I$use$fp
    dmul.o(x$fpl$dmul) refers to dretinf.o(x$fpl$dretinf) for __fpl_dretinf
    dmul.o(x$fpl$dmul) refers to dnaninf.o(x$fpl$dnaninf) for __fpl_dnaninf
    __rtentry.o(.ARM.Collect$$rtentry$$00000000) refers (Special) to __rtentry2.o(.ARM.Collect$$rtentry$$0000000A) for __rt_entry_li
    __rtentry.o(.ARM.Collect$$rtentry$$00000000) refers (Special) to __rtentry2.o(.ARM.Collect$$rtentry$$0000000D) for __rt_entry_main
    __rtentry.o(.ARM.Collect$$rtentry$$00000000) refers (Special) to __rtentry2.o(.ARM.Collect$$rtentry$$0000000C) for __rt_entry_postli_1
    __rtentry.o(.ARM.Collect$$rtentry$$00000000) refers (Special) to __rtentry2.o(.ARM.Collect$$rtentry$$00000009) for __rt_entry_postsh_1
    __rtentry.o(.ARM.Collect$$rtentry$$00000000) refers (Special) to __rtentry2.o(.ARM.Collect$$rtentry$$00000002) for __rt_entry_presh_1
    __rtentry.o(.ARM.Collect$$rtentry$$00000000) refers (Special) to __rtentry4.o(.ARM.Collect$$rtentry$$00000004) for __rt_entry_sh
    _printf_char_common.o(.text) refers to __printf.o(.text) for __printf
    libinit2.o(.ARM.Collect$$libinit$$0000000F) refers (Weak) to rand.o(.text) for _rand_init
    libinit2.o(.ARM.Collect$$libinit$$00000012) refers to libinit2.o(.ARM.Collect$$libinit$$00000011) for .ARM.Collect$$libinit$$00000011
    libinit2.o(.ARM.Collect$$libinit$$00000014) refers to libinit2.o(.ARM.Collect$$libinit$$00000011) for .ARM.Collect$$libinit$$00000011
    libinit2.o(.ARM.Collect$$libinit$$00000016) refers to libinit2.o(.ARM.Collect$$libinit$$00000011) for .ARM.Collect$$libinit$$00000011
    libinit2.o(.ARM.Collect$$libinit$$00000018) refers to libinit2.o(.ARM.Collect$$libinit$$00000011) for .ARM.Collect$$libinit$$00000011
    libinit2.o(.ARM.Collect$$libinit$$0000001A) refers to libinit2.o(.ARM.Collect$$libinit$$00000011) for .ARM.Collect$$libinit$$00000011
    libinit2.o(.ARM.Collect$$libinit$$00000028) refers to argv_veneer.o(.emb_text) for __ARM_argv_veneer
    libinit2.o(.ARM.Collect$$libinit$$00000029) refers to argv_veneer.o(.emb_text) for __ARM_argv_veneer
    deqf.o(x$fpl$deqf) refers (Special) to usenofp.o(x$fpl$usenofp) for __I$use$fp
    deqf.o(x$fpl$deqf) refers to dnaninf.o(x$fpl$dnaninf) for __fpl_dnaninf
    deqf.o(x$fpl$deqf) refers to dcmpi.o(x$fpl$dcmpinf) for __fpl_dcmp_Inf
    dgeqf.o(x$fpl$dgeqf) refers (Special) to usenofp.o(x$fpl$usenofp) for __I$use$fp
    dgeqf.o(x$fpl$dgeqf) refers to dnaninf.o(x$fpl$dnaninf) for __fpl_dnaninf
    dgeqf.o(x$fpl$dgeqf) refers to dcmpi.o(x$fpl$dcmpinf) for __fpl_dcmp_Inf
    dleqf.o(x$fpl$dleqf) refers (Special) to usenofp.o(x$fpl$usenofp) for __I$use$fp
    dleqf.o(x$fpl$dleqf) refers to dnaninf.o(x$fpl$dnaninf) for __fpl_dnaninf
    dleqf.o(x$fpl$dleqf) refers to dcmpi.o(x$fpl$dcmpinf) for __fpl_dcmp_Inf
    dnaninf.o(x$fpl$dnaninf) refers (Special) to usenofp.o(x$fpl$usenofp) for __I$use$fp
    dretinf.o(x$fpl$dretinf) refers (Special) to usenofp.o(x$fpl$usenofp) for __I$use$fp
    __rtentry2.o(.ARM.Collect$$rtentry$$00000008) refers to boardinit2.o(.text) for _platform_post_stackheap_init
    __rtentry2.o(.ARM.Collect$$rtentry$$0000000A) refers to libinit.o(.ARM.Collect$$libinit$$00000000) for __rt_lib_init
    __rtentry2.o(.ARM.Collect$$rtentry$$0000000B) refers to boardinit3.o(.text) for _platform_post_lib_init
    __rtentry2.o(.ARM.Collect$$rtentry$$0000000D) refers to sample.o(.text) for main
    __rtentry2.o(.ARM.Collect$$rtentry$$0000000D) refers to exit.o(.text) for exit
    __rtentry2.o(.ARM.exidx) refers to __rtentry2.o(.ARM.Collect$$rtentry$$00000001) for .ARM.Collect$$rtentry$$00000001
    __rtentry2.o(.ARM.exidx) refers to __rtentry2.o(.ARM.Collect$$rtentry$$00000008) for .ARM.Collect$$rtentry$$00000008
    __rtentry2.o(.ARM.exidx) refers to __rtentry2.o(.ARM.Collect$$rtentry$$0000000A) for .ARM.Collect$$rtentry$$0000000A
    __rtentry2.o(.ARM.exidx) refers to __rtentry2.o(.ARM.Collect$$rtentry$$0000000B) for .ARM.Collect$$rtentry$$0000000B
    __rtentry2.o(.ARM.exidx) refers to __rtentry2.o(.ARM.Collect$$rtentry$$0000000D) for .ARM.Collect$$rtentry$$0000000D
    __rtentry4.o(.ARM.Collect$$rtentry$$00000004) refers to sys_stackheap_outer.o(.text) for __user_setup_stackheap
    __rtentry4.o(.ARM.exidx) refers to __rtentry4.o(.ARM.Collect$$rtentry$$00000004) for .ARM.Collect$$rtentry$$00000004
    argv_veneer.o(.emb_text) refers to no_argv.o(.text) for __ARM_get_argv
    dcmpi.o(x$fpl$dcmpinf) refers (Special) to usenofp.o(x$fpl$usenofp) for __I$use$fp
    sys_stackheap_outer.o(.text) refers to libspace.o(.text) for __user_perproc_libspace
    sys_stackheap_outer.o(.text) refers to startup_lpc17xx.o(.text) for __user_initial_stackheap
    exit.o(.text) refers to rtexit.o(.ARM.Collect$$rtexit$$00000000) for __rt_exit
    _get_argv_nomalloc.o(.text) refers (Special) to hrguard.o(.text) for __heap_region$guard
    _get_argv_nomalloc.o(.text) refers to defsig_rtmem_outer.o(.text) for __rt_SIGRTMEM
    _get_argv_nomalloc.o(.text) refers to sys_command.o(.text) for _sys_command_string
    libinit.o(.ARM.Collect$$libinit$$00000000) refers (Special) to libinit2.o(.ARM.Collect$$libinit$$00000030) for __rt_lib_init_alloca_1
    libinit.o(.ARM.Collect$$libinit$$00000000) refers (Special) to libinit2.o(.ARM.Collect$$libinit$$0000002E) for __rt_lib_init_argv_1
    libinit.o(.ARM.Collect$$libinit$$00000000) refers (Special) to libinit2.o(.ARM.Collect$$libinit$$0000001D) for __rt_lib_init_atexit_1
    libinit.o(.ARM.Collect$$libinit$$00000000) refers (Special) to libinit2.o(.ARM.Collect$$libinit$$00000023) for __rt_lib_init_clock_1
    libinit.o(.ARM.Collect$$libinit$$00000000) refers (Special) to libinit2.o(.ARM.Collect$$libinit$$00000034) for __rt_lib_init_cpp_1
    libinit.o(.ARM.Collect$$libinit$$00000000) refers (Special) to libinit2.o(.ARM.Collect$$libinit$$00000032) for __rt_lib_init_exceptions_1
    libinit.o(.ARM.Collect$$libinit$$00000000) refers (Special) to libinit2.o(.ARM.Collect$$libinit$$00000002) for __rt_lib_init_fp_1
    libinit.o(.ARM.Collect$$libinit$$00000000) refers (Special) to libinit2.o(.ARM.Collect$$libinit$$00000021) for __rt_lib_init_fp_trap_1
    libinit.o(.ARM.Collect$$libinit$$00000000) refers (Special) to libinit2.o(.ARM.Collect$$libinit$$00000025) for __rt_lib_init_getenv_1
    libinit.o(.ARM.Collect$$libinit$$00000000) refers (Special) to libinit2.o(.ARM.Collect$$libinit$$0000000C) for __rt_lib_init_heap_1
    libinit.o(.ARM.Collect$$libinit$$00000000) refers (Special) to libinit2.o(.ARM.Collect$$libinit$$00000013) for __rt_lib_init_lc_collate_1
    libinit.o(.ARM.Collect$$libinit$$00000000) refers (Special) to libinit2.o(.ARM.Collect$$libinit$$00000015) for __rt_lib_init_lc_ctype_1
    libinit.o(.ARM.Collect$$libinit$$00000000) refers (Special) to libinit2.o(.ARM.Collect$$libinit$$00000017) for __rt_lib_init_lc_monetary_1
    libinit.o(.ARM.Collect$$libinit$$00000000) refers (Special) to libinit2.o(.ARM.Collect$$libinit$$00000019) for __rt_lib_init_lc_numeric_1
    libinit.o(.ARM.Collect$$libinit$$00000000) refers (Special) to libinit2.o(.ARM.Collect$$libinit$$0000001B) for __rt_lib_init_lc_time_1
    libinit.o(.ARM.Collect$$libinit$$00000000) refers (Special) to libinit2.o(.ARM.Collect$$libinit$$00000006) for __rt_lib_init_preinit_1
    libinit.o(.ARM.Collect$$libinit$$00000000) refers (Special) to libinit2.o(.ARM.Collect$$libinit$$00000010) for __rt_lib_init_rand_1
    libinit.o(.ARM.Collect$$libinit$$00000000) refers (Special) to libinit2.o(.ARM.Collect$$libinit$$00000004) for __rt_lib_init_relocate_pie_1
    libinit.o(.ARM.Collect$$libinit$$00000000) refers (Special) to libinit2.o(.ARM.Collect$$libinit$$00000035) for __rt_lib_init_return
    libinit.o(.ARM.Collect$$libinit$$00000000) refers (Special) to libinit2.o(.ARM.Collect$$libinit$$0000001F) for __rt_lib_init_signal_1
    libinit.o(.ARM.Collect$$libinit$$00000000) refers (Special) to libinit2.o(.ARM.Collect$$libinit$$00000027) for __rt_lib_init_stdio_1
    libinit.o(.ARM.Collect$$libinit$$00000000) refers (Special) to libinit2.o(.ARM.Collect$$libinit$$0000000E) for __rt_lib_init_user_alloc_1
    sys_command.o(.text) refers (Special) to use_no_semi.o(.text) for __I$use$semihosting
    sys_command.o(.text) refers (Special) to indicate_semi.o(.text) for __semihosting_library_function
    sys_command_hlt.o(.text) refers (Special) to use_no_semi.o(.text) for __I$use$semihosting
    sys_command_hlt.o(.text) refers (Special) to indicate_semi.o(.text) for __semihosting_library_function
    libspace.o(.text) refers to libspace.o(.bss) for __libspace_start
    rtexit.o(.ARM.Collect$$rtexit$$00000000) refers (Special) to rtexit2.o(.ARM.Collect$$rtexit$$00000004) for __rt_exit_exit
    rtexit.o(.ARM.Collect$$rtexit$$00000000) refers (Special) to rtexit2.o(.ARM.Collect$$rtexit$$00000003) for __rt_exit_ls
    rtexit.o(.ARM.Collect$$rtexit$$00000000) refers (Special) to rtexit2.o(.ARM.Collect$$rtexit$$00000002) for __rt_exit_prels_1
    rtexit.o(.ARM.exidx) refers (Special) to rtexit2.o(.ARM.Collect$$rtexit$$00000004) for __rt_exit_exit
    rtexit.o(.ARM.exidx) refers (Special) to rtexit2.o(.ARM.Collect$$rtexit$$00000003) for __rt_exit_ls
    rtexit.o(.ARM.exidx) refers (Special) to rtexit2.o(.ARM.Collect$$rtexit$$00000002) for __rt_exit_prels_1
    rtexit.o(.ARM.exidx) refers to rtexit.o(.ARM.Collect$$rtexit$$00000000) for .ARM.Collect$$rtexit$$00000000
    defsig_rtmem_outer.o(.text) refers to defsig_rtmem_inner.o(.text) for __rt_SIGRTMEM_inner
    defsig_rtmem_outer.o(.text) refers to defsig_exit.o(.text) for __sig_exit
    defsig_rtmem_formal.o(.text) refers to rt_raise.o(.text) for __rt_raise
    rtexit2.o(.ARM.Collect$$rtexit$$00000003) refers to libshutdown.o(.ARM.Collect$$libshutdown$$00000000) for __rt_lib_shutdown
    rtexit2.o(.ARM.Collect$$rtexit$$00000004) refers to sys_exit.o(.text) for _sys_exit
    rtexit2.o(.ARM.exidx) refers to rtexit2.o(.ARM.Collect$$rtexit$$00000001) for .ARM.Collect$$rtexit$$00000001
    rtexit2.o(.ARM.exidx) refers to rtexit2.o(.ARM.Collect$$rtexit$$00000003) for .ARM.Collect$$rtexit$$00000003
    rtexit2.o(.ARM.exidx) refers to rtexit2.o(.ARM.Collect$$rtexit$$00000004) for .ARM.Collect$$rtexit$$00000004
    rt_raise.o(.text) refers to __raise.o(.text) for __raise
    rt_raise.o(.text) refers to sys_exit.o(.text) for _sys_exit
    defsig_exit.o(.text) refers to sys_exit.o(.text) for _sys_exit
    defsig_rtmem_inner.o(.text) refers to defsig_general.o(.text) for __default_signal_display
    sys_exit.o(.text) refers (Special) to use_no_semi.o(.text) for __I$use$semihosting
    sys_exit.o(.text) refers (Special) to indicate_semi.o(.text) for __semihosting_library_function
    sys_exit_hlt.o(.text) refers (Special) to use_no_semi.o(.text) for __I$use$semihosting
    sys_exit_hlt.o(.text) refers (Special) to indicate_semi.o(.text) for __semihosting_library_function
    __raise.o(.text) refers to defsig.o(CL$$defsig) for __default_signal_handler
    defsig_general.o(.text) refers to sys_wrch.o(.text) for _ttywrch
    libshutdown.o(.ARM.Collect$$libshutdown$$00000000) refers (Special) to libshutdown2.o(.ARM.Collect$$libshutdown$$00000002) for __rt_lib_shutdown_cpp_1
    libshutdown.o(.ARM.Collect$$libshutdown$$00000000) refers (Special) to libshutdown2.o(.ARM.Collect$$libshutdown$$00000007) for __rt_lib_shutdown_fp_trap_1
    libshutdown.o(.ARM.Collect$$libshutdown$$00000000) refers (Special) to libshutdown2.o(.ARM.Collect$$libshutdown$$0000000F) for __rt_lib_shutdown_heap_1
    libshutdown.o(.ARM.Collect$$libshutdown$$00000000) refers (Special) to libshutdown2.o(.ARM.Collect$$libshutdown$$00000010) for __rt_lib_shutdown_return
    libshutdown.o(.ARM.Collect$$libshutdown$$00000000) refers (Special) to libshutdown2.o(.ARM.Collect$$libshutdown$$0000000A) for __rt_lib_shutdown_signal_1
    libshutdown.o(.ARM.Collect$$libshutdown$$00000000) refers (Special) to libshutdown2.o(.ARM.Collect$$libshutdown$$00000004) for __rt_lib_shutdown_stdio_1
    libshutdown.o(.ARM.Collect$$libshutdown$$00000000) refers (Special) to libshutdown2.o(.ARM.Collect$$libshutdown$$0000000C) for __rt_lib_shutdown_user_alloc_1
    sys_wrch.o(.text) refers (Special) to use_no_semi.o(.text) for __I$use$semihosting
    sys_wrch.o(.text) refers (Special) to indicate_semi.o(.text) for __semihosting_library_function
    sys_wrch_hlt.o(.text) refers (Special) to use_no_semi.o(.text) for __I$use$semihosting
    sys_wrch_hlt.o(.text) refers (Special) to indicate_semi.o(.text) for __semihosting_library_function
    defsig.o(CL$$defsig) refers to defsig_rtmem_inner.o(.text) for __rt_SIGRTMEM_inner
    defsig_abrt_inner.o(.text) refers to defsig_general.o(.text) for __default_signal_display
    defsig_fpe_inner.o(.text) refers to defsig_general.o(.text) for __default_signal_display
    defsig_rtred_inner.o(.text) refers to defsig_general.o(.text) for __default_signal_display
    defsig_stak_inner.o(.text) refers to defsig_general.o(.text) for __default_signal_display
    defsig_pvfn_inner.o(.text) refers to defsig_general.o(.text) for __default_signal_display
    defsig_cppl_inner.o(.text) refers to defsig_general.o(.text) for __default_signal_display
    defsig_segv_inner.o(.text) refers to defsig_general.o(.text) for __default_signal_display
    defsig_other.o(.text) refers to defsig_general.o(.text) for __default_signal_display


==============================================================================

Removing Unused input sections from the image.

    Removing sample.o(.ARM.exidx), (8 bytes).
    Removing sample.o(.ARM.use_no_argv), (4 bytes).
    Removing system_lpc17xx.o(.ARM.exidx), (8 bytes).
    Removing irq_timer.o(.ARM.exidx), (16 bytes).
    Removing lib_timer.o(.ARM.exidx), (32 bytes).
    Removing asciilib.o(.ARM.exidx), (8 bytes).
    Removing glcd.o(.ARM.exidx), (56 bytes).
    Removing hzlib.o(.text), (36 bytes).
    Removing hzlib.o(.ARM.exidx), (8 bytes).
    Removing hzlib.o(.rodata.HzLib), (216576 bytes).
    Removing touchpanel.o(.text), (3366 bytes).
    Removing touchpanel.o(.ARM.exidx), (128 bytes).
    Removing touchpanel.o(.data.DisplaySample), (12 bytes).
    Removing touchpanel.o(.bss.Read_Ads7846.screen), (4 bytes).
    Removing touchpanel.o(.rodata.str1.1), (29 bytes).
    Removing touchpanel.o(.bss.ScreenSample), (12 bytes).
    Removing touchpanel.o(.bss.matrix), (56 bytes).
    Removing touchpanel.o(.bss.display), (4 bytes).
    Removing lib_tetris.o(.ARM.exidx), (96 bytes).
    Removing irq_button.o(.ARM.exidx), (24 bytes).
    Removing lib_button.o(.ARM.exidx), (8 bytes).
    Removing irq_rit.o(.ARM.exidx), (8 bytes).
    Removing lib_rit.o(.ARM.exidx), (32 bytes).

23 unused section(s) (total 220531 bytes) removed from the image.

==============================================================================

Image Symbol Table

    Local Symbols

    Symbol Name                              Value     Ov Type        Size  Object(Section)

    ../clib/angel/boardlib.s                 0x00000000   Number         0  boardinit1.o ABSOLUTE
    ../clib/angel/boardlib.s                 0x00000000   Number         0  boardinit2.o ABSOLUTE
    ../clib/angel/boardlib.s                 0x00000000   Number         0  boardinit3.o ABSOLUTE
    ../clib/angel/boardlib.s                 0x00000000   Number         0  boardshut.o ABSOLUTE
    ../clib/angel/handlers.s                 0x00000000   Number         0  __scatter_copy.o ABSOLUTE
    ../clib/angel/handlers.s                 0x00000000   Number         0  __scatter_zi.o ABSOLUTE
    ../clib/angel/kernel.s                   0x00000000   Number         0  __rtentry.o ABSOLUTE
    ../clib/angel/kernel.s                   0x00000000   Number         0  __rtentry2.o ABSOLUTE
    ../clib/angel/kernel.s                   0x00000000   Number         0  __rtentry4.o ABSOLUTE
    ../clib/angel/kernel.s                   0x00000000   Number         0  rtexit.o ABSOLUTE
    ../clib/angel/kernel.s                   0x00000000   Number         0  rtexit2.o ABSOLUTE
    ../clib/angel/rt.s                       0x00000000   Number         0  rt_raise.o ABSOLUTE
    ../clib/angel/scatter.s                  0x00000000   Number         0  __scatter.o ABSOLUTE
    ../clib/angel/startup.s                  0x00000000   Number         0  __main.o ABSOLUTE
    ../clib/angel/sys.s                      0x00000000   Number         0  sys_stackheap_outer.o ABSOLUTE
    ../clib/angel/sys.s                      0x00000000   Number         0  libspace.o ABSOLUTE
    ../clib/angel/sys.s                      0x00000000   Number         0  use_no_semi.o ABSOLUTE
    ../clib/angel/sys.s                      0x00000000   Number         0  indicate_semi.o ABSOLUTE
    ../clib/angel/sysapp.c                   0x00000000   Number         0  sys_command.o ABSOLUTE
    ../clib/angel/sysapp.c                   0x00000000   Number         0  sys_command_hlt.o ABSOLUTE
    ../clib/angel/sysapp.c                   0x00000000   Number         0  sys_exit.o ABSOLUTE
    ../clib/angel/sysapp.c                   0x00000000   Number         0  sys_exit_hlt.o ABSOLUTE
    ../clib/angel/sysapp.c                   0x00000000   Number         0  sys_wrch.o ABSOLUTE
    ../clib/angel/sysapp.c                   0x00000000   Number         0  sys_wrch_hlt.o ABSOLUTE
    ../clib/armsys.c                         0x00000000   Number         0  argv_veneer.o ABSOLUTE
    ../clib/armsys.c                         0x00000000   Number         0  argv_veneer.o ABSOLUTE
    ../clib/armsys.c                         0x00000000   Number         0  _get_argv_nomalloc.o ABSOLUTE
    ../clib/armsys.c                         0x00000000   Number         0  no_argv.o ABSOLUTE
    ../clib/heapalloc.c                      0x00000000   Number         0  hrguard.o ABSOLUTE
    ../clib/heapaux.c                        0x00000000   Number         0  heapauxi.o ABSOLUTE
    ../clib/libinit.s                        0x00000000   Number         0  libinit2.o ABSOLUTE
    ../clib/libinit.s                        0x00000000   Number         0  libinit.o ABSOLUTE
    ../clib/libinit.s                        0x00000000   Number         0  libshutdown.o ABSOLUTE
    ../clib/libinit.s                        0x00000000   Number         0  libshutdown2.o ABSOLUTE
    ../clib/memcpset.s                       0x00000000   Number         0  rt_memcpy_v6.o ABSOLUTE
    ../clib/memcpset.s                       0x00000000   Number         0  rt_memclr_w.o ABSOLUTE
    ../clib/memcpset.s                       0x00000000   Number         0  rt_memcpy_w.o ABSOLUTE
    ../clib/printf.c                         0x00000000   Number         0  __2sprintf.o ABSOLUTE
    ../clib/printf.c                         0x00000000   Number         0  noretval__2sprintf.o ABSOLUTE
    ../clib/printf.c                         0x00000000   Number         0  __printf.o ABSOLUTE
    ../clib/printf.c                         0x00000000   Number         0  _printf_dec.o ABSOLUTE
    ../clib/printf.c                         0x00000000   Number         0  __printf_flags.o ABSOLUTE
    ../clib/printf.c                         0x00000000   Number         0  __printf_ss.o ABSOLUTE
    ../clib/printf.c                         0x00000000   Number         0  __printf_flags_ss.o ABSOLUTE
    ../clib/printf.c                         0x00000000   Number         0  __printf_wp.o ABSOLUTE
    ../clib/printf.c                         0x00000000   Number         0  __printf_flags_wp.o ABSOLUTE
    ../clib/printf.c                         0x00000000   Number         0  __printf_ss_wp.o ABSOLUTE
    ../clib/printf.c                         0x00000000   Number         0  __printf_flags_ss_wp.o ABSOLUTE
    ../clib/printf.c                         0x00000000   Number         0  _printf_intcommon.o ABSOLUTE
    ../clib/printf.c                         0x00000000   Number         0  _printf_char_common.o ABSOLUTE
    ../clib/printf.c                         0x00000000   Number         0  _sputc.o ABSOLUTE
    ../clib/printf.c                         0x00000000   Number         0  __printf_nopercent.o ABSOLUTE
    ../clib/printf_percent.s                 0x00000000   Number         0  _printf_d.o ABSOLUTE
    ../clib/printf_percent.s                 0x00000000   Number         0  _printf_percent.o ABSOLUTE
    ../clib/printf_percent.s                 0x00000000   Number         0  _printf_percent_end.o ABSOLUTE
    ../clib/signal.c                         0x00000000   Number         0  defsig_rtmem_outer.o ABSOLUTE
    ../clib/signal.c                         0x00000000   Number         0  defsig_rtmem_formal.o ABSOLUTE
    ../clib/signal.c                         0x00000000   Number         0  defsig_exit.o ABSOLUTE
    ../clib/signal.c                         0x00000000   Number         0  defsig_rtmem_inner.o ABSOLUTE
    ../clib/signal.c                         0x00000000   Number         0  __raise.o ABSOLUTE
    ../clib/signal.c                         0x00000000   Number         0  defsig_general.o ABSOLUTE
    ../clib/signal.c                         0x00000000   Number         0  defsig_abrt_inner.o ABSOLUTE
    ../clib/signal.c                         0x00000000   Number         0  defsig_fpe_inner.o ABSOLUTE
    ../clib/signal.c                         0x00000000   Number         0  defsig_rtred_inner.o ABSOLUTE
    ../clib/signal.c                         0x00000000   Number         0  defsig_stak_inner.o ABSOLUTE
    ../clib/signal.c                         0x00000000   Number         0  defsig_pvfn_inner.o ABSOLUTE
    ../clib/signal.c                         0x00000000   Number         0  defsig_cppl_inner.o ABSOLUTE
    ../clib/signal.c                         0x00000000   Number         0  defsig_segv_inner.o ABSOLUTE
    ../clib/signal.c                         0x00000000   Number         0  defsig_other.o ABSOLUTE
    ../clib/signal.s                         0x00000000   Number         0  defsig.o ABSOLUTE
    ../clib/stdlib.c                         0x00000000   Number         0  rand.o ABSOLUTE
    ../clib/stdlib.c                         0x00000000   Number         0  rand.o ABSOLUTE
    ../clib/stdlib.c                         0x00000000   Number         0  exit.o ABSOLUTE
    ../fplib/daddsub.s                       0x00000000   Number         0  daddsub_clz.o ABSOLUTE
    ../fplib/dcmp.s                          0x00000000   Number         0  dcmp.o ABSOLUTE
    ../fplib/dcmpi.s                         0x00000000   Number         0  dcmpi.o ABSOLUTE
    ../fplib/ddiv.s                          0x00000000   Number         0  ddiv.o ABSOLUTE
    ../fplib/deqf.s                          0x00000000   Number         0  deqf.o ABSOLUTE
    ../fplib/dfix.s                          0x00000000   Number         0  dfix.o ABSOLUTE
    ../fplib/dflt.s                          0x00000000   Number         0  dflt_clz.o ABSOLUTE
    ../fplib/dgeqf.s                         0x00000000   Number         0  dgeqf.o ABSOLUTE
    ../fplib/dleqf.s                         0x00000000   Number         0  dleqf.o ABSOLUTE
    ../fplib/dmul.s                          0x00000000   Number         0  dmul.o ABSOLUTE
    ../fplib/dnaninf.s                       0x00000000   Number         0  dnaninf.o ABSOLUTE
    ../fplib/dretinf.s                       0x00000000   Number         0  dretinf.o ABSOLUTE
    ../fplib/fpinit.s                        0x00000000   Number         0  fpinit.o ABSOLUTE
    ../fplib/fpinit_empty.s                  0x00000000   Number         0  fpinit_empty.o ABSOLUTE
    ../fplib/usenofp.s                       0x00000000   Number         0  usenofp.o ABSOLUTE
    AsciiLib.c                               0x00000000   Number         0  asciilib.o ABSOLUTE
    GLCD.c                                   0x00000000   Number         0  glcd.o ABSOLUTE
    HzLib.c                                  0x00000000   Number         0  hzlib.o ABSOLUTE
    IRQ_RIT.c                                0x00000000   Number         0  irq_rit.o ABSOLUTE
    IRQ_button.c                             0x00000000   Number         0  irq_button.o ABSOLUTE
    IRQ_timer.c                              0x00000000   Number         0  irq_timer.o ABSOLUTE
    Source\startup_LPC17xx.s                 0x00000000   Number         0  startup_lpc17xx.o ABSOLUTE
    TouchPanel.c                             0x00000000   Number         0  touchpanel.o ABSOLUTE
    dc.s                                     0x00000000   Number         0  dc.o ABSOLUTE
    lib_RIT.c                                0x00000000   Number         0  lib_rit.o ABSOLUTE
    lib_button.c                             0x00000000   Number         0  lib_button.o ABSOLUTE
    lib_tetris.c                             0x00000000   Number         0  lib_tetris.o ABSOLUTE
    lib_timer.c                              0x00000000   Number         0  lib_timer.o ABSOLUTE
    sample.c                                 0x00000000   Number         0  sample.o ABSOLUTE
    system_LPC17xx.c                         0x00000000   Number         0  system_lpc17xx.o ABSOLUTE
    RESET                                    0x00000000   Section      204  startup_lpc17xx.o(RESET)
    !!!main                                  0x000000cc   Section        8  __main.o(!!!main)
    !!!scatter                               0x000000d4   Section       92  __scatter.o(!!!scatter)
    !!handler_copy                           0x00000130   Section       26  __scatter_copy.o(!!handler_copy)
    !!handler_null                           0x0000014c   Section        2  __scatter.o(!!handler_null)
    !!handler_zi                             0x00000150   Section       28  __scatter_zi.o(!!handler_zi)
    .ARM.Collect$$_printf_percent$$00000000  0x0000016c   Section        0  _printf_percent.o(.ARM.Collect$$_printf_percent$$00000000)
    .ARM.Collect$$_printf_percent$$00000009  0x0000016c   Section        6  _printf_d.o(.ARM.Collect$$_printf_percent$$00000009)
    .ARM.Collect$$_printf_percent$$00000017  0x00000172   Section        4  _printf_percent_end.o(.ARM.Collect$$_printf_percent$$00000017)
    .ARM.Collect$$libinit$$00000000          0x00000176   Section        2  libinit.o(.ARM.Collect$$libinit$$00000000)
    .ARM.Collect$$libinit$$00000002          0x00000178   Section        0  libinit2.o(.ARM.Collect$$libinit$$00000002)
    .ARM.Collect$$libinit$$00000004          0x00000178   Section        0  libinit2.o(.ARM.Collect$$libinit$$00000004)
    .ARM.Collect$$libinit$$00000006          0x00000178   Section        0  libinit2.o(.ARM.Collect$$libinit$$00000006)
    .ARM.Collect$$libinit$$0000000C          0x00000178   Section        0  libinit2.o(.ARM.Collect$$libinit$$0000000C)
    .ARM.Collect$$libinit$$0000000E          0x00000178   Section        0  libinit2.o(.ARM.Collect$$libinit$$0000000E)
    .ARM.Collect$$libinit$$0000000F          0x00000178   Section        4  libinit2.o(.ARM.Collect$$libinit$$0000000F)
    .ARM.Collect$$libinit$$00000010          0x0000017c   Section        0  libinit2.o(.ARM.Collect$$libinit$$00000010)
    .ARM.Collect$$libinit$$00000013          0x0000017c   Section        0  libinit2.o(.ARM.Collect$$libinit$$00000013)
    .ARM.Collect$$libinit$$00000015          0x0000017c   Section        0  libinit2.o(.ARM.Collect$$libinit$$00000015)
    .ARM.Collect$$libinit$$00000017          0x0000017c   Section        0  libinit2.o(.ARM.Collect$$libinit$$00000017)
    .ARM.Collect$$libinit$$00000019          0x0000017c   Section        0  libinit2.o(.ARM.Collect$$libinit$$00000019)
    .ARM.Collect$$libinit$$0000001B          0x0000017c   Section        0  libinit2.o(.ARM.Collect$$libinit$$0000001B)
    .ARM.Collect$$libinit$$0000001D          0x0000017c   Section        0  libinit2.o(.ARM.Collect$$libinit$$0000001D)
    .ARM.Collect$$libinit$$0000001F          0x0000017c   Section        0  libinit2.o(.ARM.Collect$$libinit$$0000001F)
    .ARM.Collect$$libinit$$00000021          0x0000017c   Section        0  libinit2.o(.ARM.Collect$$libinit$$00000021)
    .ARM.Collect$$libinit$$00000023          0x0000017c   Section        0  libinit2.o(.ARM.Collect$$libinit$$00000023)
    .ARM.Collect$$libinit$$00000025          0x0000017c   Section        0  libinit2.o(.ARM.Collect$$libinit$$00000025)
    .ARM.Collect$$libinit$$00000027          0x0000017c   Section        0  libinit2.o(.ARM.Collect$$libinit$$00000027)
    .ARM.Collect$$libinit$$0000002E          0x0000017c   Section        0  libinit2.o(.ARM.Collect$$libinit$$0000002E)
    .ARM.Collect$$libinit$$00000030          0x0000017c   Section        0  libinit2.o(.ARM.Collect$$libinit$$00000030)
    .ARM.Collect$$libinit$$00000032          0x0000017c   Section        0  libinit2.o(.ARM.Collect$$libinit$$00000032)
    .ARM.Collect$$libinit$$00000034          0x0000017c   Section        0  libinit2.o(.ARM.Collect$$libinit$$00000034)
    .ARM.Collect$$libinit$$00000035          0x0000017c   Section        2  libinit2.o(.ARM.Collect$$libinit$$00000035)
    .ARM.Collect$$libshutdown$$00000000      0x0000017e   Section        2  libshutdown.o(.ARM.Collect$$libshutdown$$00000000)
    .ARM.Collect$$libshutdown$$00000002      0x00000180   Section        0  libshutdown2.o(.ARM.Collect$$libshutdown$$00000002)
    .ARM.Collect$$libshutdown$$00000004      0x00000180   Section        0  libshutdown2.o(.ARM.Collect$$libshutdown$$00000004)
    .ARM.Collect$$libshutdown$$00000007      0x00000180   Section        0  libshutdown2.o(.ARM.Collect$$libshutdown$$00000007)
    .ARM.Collect$$libshutdown$$0000000A      0x00000180   Section        0  libshutdown2.o(.ARM.Collect$$libshutdown$$0000000A)
    .ARM.Collect$$libshutdown$$0000000C      0x00000180   Section        0  libshutdown2.o(.ARM.Collect$$libshutdown$$0000000C)
    .ARM.Collect$$libshutdown$$0000000F      0x00000180   Section        0  libshutdown2.o(.ARM.Collect$$libshutdown$$0000000F)
    .ARM.Collect$$libshutdown$$00000010      0x00000180   Section        2  libshutdown2.o(.ARM.Collect$$libshutdown$$00000010)
    .ARM.Collect$$rtentry$$00000000          0x00000182   Section        0  __rtentry.o(.ARM.Collect$$rtentry$$00000000)
    .ARM.Collect$$rtentry$$00000002          0x00000182   Section        0  __rtentry2.o(.ARM.Collect$$rtentry$$00000002)
    .ARM.Collect$$rtentry$$00000004          0x00000182   Section        6  __rtentry4.o(.ARM.Collect$$rtentry$$00000004)
    .ARM.Collect$$rtentry$$00000009          0x00000188   Section        0  __rtentry2.o(.ARM.Collect$$rtentry$$00000009)
    .ARM.Collect$$rtentry$$0000000A          0x00000188   Section        4  __rtentry2.o(.ARM.Collect$$rtentry$$0000000A)
    .ARM.Collect$$rtentry$$0000000C          0x0000018c   Section        0  __rtentry2.o(.ARM.Collect$$rtentry$$0000000C)
    .ARM.Collect$$rtentry$$0000000D          0x0000018c   Section        8  __rtentry2.o(.ARM.Collect$$rtentry$$0000000D)
    .ARM.Collect$$rtexit$$00000000           0x00000194   Section        2  rtexit.o(.ARM.Collect$$rtexit$$00000000)
    .ARM.Collect$$rtexit$$00000002           0x00000196   Section        0  rtexit2.o(.ARM.Collect$$rtexit$$00000002)
    .ARM.Collect$$rtexit$$00000003           0x00000196   Section        4  rtexit2.o(.ARM.Collect$$rtexit$$00000003)
    .ARM.Collect$$rtexit$$00000004           0x0000019a   Section        6  rtexit2.o(.ARM.Collect$$rtexit$$00000004)
    .emb_text                                0x000001a0   Section       52  rand.o(.emb_text)
    .text                                    0x000001d4   Section       52  startup_lpc17xx.o(.text)
    [Anonymous Symbol]                       0x00000208   Section        0  lib_timer.o(.text)
    [Anonymous Symbol]                       0x000002b4   Section        0  asciilib.o(.text)
    .text                                    0x000002de   Section        0  heapauxi.o(.text)
    .text                                    0x000002e4   Section        0  _sputc.o(.text)
    .text                                    0x000002f0   Section        8  libspace.o(.text)
    .text                                    0x000002f8   Section        2  use_no_semi.o(.text)
    .text                                    0x000002fa   Section        0  indicate_semi.o(.text)
    .ARM.__at_0x02FC                         0x000002fc   Section        4  startup_lpc17xx.o(.ARM.__at_0x02FC)
    [Anonymous Symbol]                       0x00000300   Section        0  sample.o(.text)
    [Anonymous Symbol]                       0x0000041c   Section        0  system_lpc17xx.o(.text)
    [Anonymous Symbol]                       0x0000054c   Section        0  irq_timer.o(.text)
    [Anonymous Symbol]                       0x00000aa0   Section        0  glcd.o(.text)
    [Anonymous Symbol]                       0x000021c4   Section        0  lib_tetris.o(.text)
    [Anonymous Symbol]                       0x00002b00   Section        0  irq_button.o(.text)
    [Anonymous Symbol]                       0x00002b94   Section        0  lib_button.o(.text)
    [Anonymous Symbol]                       0x00002c88   Section        0  irq_rit.o(.text)
    [Anonymous Symbol]                       0x000030bc   Section        0  lib_rit.o(.text)
    .text                                    0x00003130   Section        0  noretval__2sprintf.o(.text)
    .text                                    0x00003158   Section        0  __printf.o(.text)
    .text                                    0x000031c0   Section        0  _printf_dec.o(.text)
    .text                                    0x00003238   Section        0  rand.o(.text)
    .text                                    0x00003274   Section       78  rt_memclr_w.o(.text)
    .text                                    0x000032c2   Section        0  _printf_intcommon.o(.text)
    _printf_input_char                       0x00003375   Thumb Code    10  _printf_char_common.o(.text)
    .text                                    0x00003374   Section        0  _printf_char_common.o(.text)
    .text                                    0x000033a4   Section       74  sys_stackheap_outer.o(.text)
    .text                                    0x000033ee   Section        0  exit.o(.text)
    .text                                    0x00003400   Section        0  sys_exit.o(.text)
    .Lswitch.table.spawn_new_piece           0x0000340c   Data          14  lib_tetris.o(.rodata..Lswitch.table.spawn_new_piece)
    AsciiLib                                 0x0000341a   Data        1520  asciilib.o(.rodata.AsciiLib)
    [Anonymous Symbol]                       0x0000341a   Section        0  asciilib.o(.rodata.AsciiLib)
    .L.str.7                                 0x00003a0a   Data           2  lib_tetris.o(.rodata.str1.1)
    [Anonymous Symbol]                       0x00003a0a   Section        0  lib_tetris.o(.rodata.str1.1)
    .L.str                                   0x00003a0c   Data           3  lib_tetris.o(.rodata.str1.1)
    .bss                                     0x10000018   Section       96  libspace.o(.bss)
    TIMER1_IRQHandler.down1                  0x10000078   Data           4  irq_timer.o(.bss.TIMER1_IRQHandler.down1)
    [Anonymous Symbol]                       0x10000078   Section        0  irq_timer.o(.bss.TIMER1_IRQHandler.down1)
    TIMER1_IRQHandler.down2                  0x1000007c   Data           4  irq_timer.o(.bss.TIMER1_IRQHandler.down2)
    [Anonymous Symbol]                       0x1000007c   Section        0  irq_timer.o(.bss.TIMER1_IRQHandler.down2)
    Stack_Mem                                0x100000a0   Data        1024  startup_lpc17xx.o(STACK)
    STACK                                    0x100000a0   Section     1024  startup_lpc17xx.o(STACK)
    __initial_sp                             0x100004a0   Data           0  startup_lpc17xx.o(STACK)
    .bss                                     0x2007c100   Section      228  rand.o(.bss)
    RIT_IRQHandler.select                    0x2007c1e4   Data           4  irq_rit.o(.bss.RIT_IRQHandler.select)
    [Anonymous Symbol]                       0x2007c1e4   Section        0  irq_rit.o(.bss.RIT_IRQHandler.select)
    Heap_Mem                                 0x2007c498   Data           0  startup_lpc17xx.o(HEAP)
    HEAP                                     0x2007c498   Section        0  startup_lpc17xx.o(HEAP)

    Global Symbols

    Symbol Name                              Value     Ov Type        Size  Object(Section)

    BuildAttributes$$THM_ISAv4$P$D$K$B$S$PE$A:L22UL41UL21$X:L11$S22US41US21$IEEE1$IW$~IW$USESV6$~STKCKD$USESV7$~SHL$OTIME$ROPI$EBA8$UX$STANDARDLIB$REQ8$PRES8$EABIv2 0x00000000   Number         0  anon$$obj.o ABSOLUTE
    __Vectors                                0x00000000   Data           4  startup_lpc17xx.o(RESET)
    __fp_init_empty                          0x00000000   Number         0  fpinit_empty.o ABSOLUTE
    __ARM_exceptions_init                     - Undefined Weak Reference
    __alloca_initialize                       - Undefined Weak Reference
    __arm_preinit_                            - Undefined Weak Reference
    __arm_relocate_pie_                       - Undefined Weak Reference
    __cpp_initialize__aeabi_                  - Undefined Weak Reference
    __cxa_finalize                            - Undefined Weak Reference
    __rt_locale                               - Undefined Weak Reference
    __sigvec_lookup                           - Undefined Weak Reference
    _atexit_init                              - Undefined Weak Reference
    _call_atexit_fns                          - Undefined Weak Reference
    _clock_init                               - Undefined Weak Reference
    _fp_trap_init                             - Undefined Weak Reference
    _fp_trap_shutdown                         - Undefined Weak Reference
    _get_lc_collate                           - Undefined Weak Reference
    _get_lc_ctype                             - Undefined Weak Reference
    _get_lc_monetary                          - Undefined Weak Reference
    _get_lc_numeric                           - Undefined Weak Reference
    _get_lc_time                              - Undefined Weak Reference
    _getenv_init                              - Undefined Weak Reference
    _handle_redirection                       - Undefined Weak Reference
    _init_alloc                               - Undefined Weak Reference
    _init_user_alloc                          - Undefined Weak Reference
    _initio                                   - Undefined Weak Reference
    _printf_post_padding                      - Undefined Weak Reference
    _printf_pre_padding                       - Undefined Weak Reference
    _printf_truncate_signed                   - Undefined Weak Reference
    _printf_truncate_unsigned                 - Undefined Weak Reference
    _signal_finish                            - Undefined Weak Reference
    _signal_init                              - Undefined Weak Reference
    _terminate_alloc                          - Undefined Weak Reference
    _terminate_user_alloc                     - Undefined Weak Reference
    _terminateio                              - Undefined Weak Reference
    __main                                   0x000000cd   Thumb Code     8  __main.o(!!!main)
    __scatterload                            0x000000d5   Thumb Code     0  __scatter.o(!!!scatter)
    __scatterload_rt2                        0x000000d5   Thumb Code    84  __scatter.o(!!!scatter)
    __scatterload_rt2_thumb_only             0x000000d5   Thumb Code     0  __scatter.o(!!!scatter)
    __scatterload_loop                       0x000000df   Thumb Code     0  __scatter.o(!!!scatter)
    __scatterload_copy                       0x00000131   Thumb Code    26  __scatter_copy.o(!!handler_copy)
    __scatterload_null                       0x0000014d   Thumb Code     2  __scatter.o(!!handler_null)
    __scatterload_zeroinit                   0x00000151   Thumb Code    28  __scatter_zi.o(!!handler_zi)
    _printf_d                                0x0000016d   Thumb Code     0  _printf_d.o(.ARM.Collect$$_printf_percent$$00000009)
    _printf_percent                          0x0000016d   Thumb Code     0  _printf_percent.o(.ARM.Collect$$_printf_percent$$00000000)
    _printf_percent_end                      0x00000173   Thumb Code     0  _printf_percent_end.o(.ARM.Collect$$_printf_percent$$00000017)
    __rt_lib_init                            0x00000177   Thumb Code     0  libinit.o(.ARM.Collect$$libinit$$00000000)
    __rt_lib_init_fp_1                       0x00000179   Thumb Code     0  libinit2.o(.ARM.Collect$$libinit$$00000002)
    __rt_lib_init_heap_1                     0x00000179   Thumb Code     0  libinit2.o(.ARM.Collect$$libinit$$0000000C)
    __rt_lib_init_preinit_1                  0x00000179   Thumb Code     0  libinit2.o(.ARM.Collect$$libinit$$00000006)
    __rt_lib_init_rand_2                     0x00000179   Thumb Code     0  libinit2.o(.ARM.Collect$$libinit$$0000000F)
    __rt_lib_init_relocate_pie_1             0x00000179   Thumb Code     0  libinit2.o(.ARM.Collect$$libinit$$00000004)
    __rt_lib_init_user_alloc_1               0x00000179   Thumb Code     0  libinit2.o(.ARM.Collect$$libinit$$0000000E)
    __rt_lib_init_alloca_1                   0x0000017d   Thumb Code     0  libinit2.o(.ARM.Collect$$libinit$$00000030)
    __rt_lib_init_argv_1                     0x0000017d   Thumb Code     0  libinit2.o(.ARM.Collect$$libinit$$0000002E)
    __rt_lib_init_atexit_1                   0x0000017d   Thumb Code     0  libinit2.o(.ARM.Collect$$libinit$$0000001D)
    __rt_lib_init_clock_1                    0x0000017d   Thumb Code     0  libinit2.o(.ARM.Collect$$libinit$$00000023)
    __rt_lib_init_cpp_1                      0x0000017d   Thumb Code     0  libinit2.o(.ARM.Collect$$libinit$$00000034)
    __rt_lib_init_exceptions_1               0x0000017d   Thumb Code     0  libinit2.o(.ARM.Collect$$libinit$$00000032)
    __rt_lib_init_fp_trap_1                  0x0000017d   Thumb Code     0  libinit2.o(.ARM.Collect$$libinit$$00000021)
    __rt_lib_init_getenv_1                   0x0000017d   Thumb Code     0  libinit2.o(.ARM.Collect$$libinit$$00000025)
    __rt_lib_init_lc_collate_1               0x0000017d   Thumb Code     0  libinit2.o(.ARM.Collect$$libinit$$00000013)
    __rt_lib_init_lc_ctype_1                 0x0000017d   Thumb Code     0  libinit2.o(.ARM.Collect$$libinit$$00000015)
    __rt_lib_init_lc_monetary_1              0x0000017d   Thumb Code     0  libinit2.o(.ARM.Collect$$libinit$$00000017)
    __rt_lib_init_lc_numeric_1               0x0000017d   Thumb Code     0  libinit2.o(.ARM.Collect$$libinit$$00000019)
    __rt_lib_init_lc_time_1                  0x0000017d   Thumb Code     0  libinit2.o(.ARM.Collect$$libinit$$0000001B)
    __rt_lib_init_rand_1                     0x0000017d   Thumb Code     0  libinit2.o(.ARM.Collect$$libinit$$00000010)
    __rt_lib_init_return                     0x0000017d   Thumb Code     0  libinit2.o(.ARM.Collect$$libinit$$00000035)
    __rt_lib_init_signal_1                   0x0000017d   Thumb Code     0  libinit2.o(.ARM.Collect$$libinit$$0000001F)
    __rt_lib_init_stdio_1                    0x0000017d   Thumb Code     0  libinit2.o(.ARM.Collect$$libinit$$00000027)
    __rt_lib_shutdown                        0x0000017f   Thumb Code     0  libshutdown.o(.ARM.Collect$$libshutdown$$00000000)
    __rt_lib_shutdown_cpp_1                  0x00000181   Thumb Code     0  libshutdown2.o(.ARM.Collect$$libshutdown$$00000002)
    __rt_lib_shutdown_fp_trap_1              0x00000181   Thumb Code     0  libshutdown2.o(.ARM.Collect$$libshutdown$$00000007)
    __rt_lib_shutdown_heap_1                 0x00000181   Thumb Code     0  libshutdown2.o(.ARM.Collect$$libshutdown$$0000000F)
    __rt_lib_shutdown_return                 0x00000181   Thumb Code     0  libshutdown2.o(.ARM.Collect$$libshutdown$$00000010)
    __rt_lib_shutdown_signal_1               0x00000181   Thumb Code     0  libshutdown2.o(.ARM.Collect$$libshutdown$$0000000A)
    __rt_lib_shutdown_stdio_1                0x00000181   Thumb Code     0  libshutdown2.o(.ARM.Collect$$libshutdown$$00000004)
    __rt_lib_shutdown_user_alloc_1           0x00000181   Thumb Code     0  libshutdown2.o(.ARM.Collect$$libshutdown$$0000000C)
    __rt_entry                               0x00000183   Thumb Code     0  __rtentry.o(.ARM.Collect$$rtentry$$00000000)
    __rt_entry_presh_1                       0x00000183   Thumb Code     0  __rtentry2.o(.ARM.Collect$$rtentry$$00000002)
    __rt_entry_sh                            0x00000183   Thumb Code     0  __rtentry4.o(.ARM.Collect$$rtentry$$00000004)
    __rt_entry_li                            0x00000189   Thumb Code     0  __rtentry2.o(.ARM.Collect$$rtentry$$0000000A)
    __rt_entry_postsh_1                      0x00000189   Thumb Code     0  __rtentry2.o(.ARM.Collect$$rtentry$$00000009)
    __rt_entry_main                          0x0000018d   Thumb Code     0  __rtentry2.o(.ARM.Collect$$rtentry$$0000000D)
    __rt_entry_postli_1                      0x0000018d   Thumb Code     0  __rtentry2.o(.ARM.Collect$$rtentry$$0000000C)
    __rt_exit                                0x00000195   Thumb Code     0  rtexit.o(.ARM.Collect$$rtexit$$00000000)
    __rt_exit_ls                             0x00000197   Thumb Code     0  rtexit2.o(.ARM.Collect$$rtexit$$00000003)
    __rt_exit_prels_1                        0x00000197   Thumb Code     0  rtexit2.o(.ARM.Collect$$rtexit$$00000002)
    __rt_exit_exit                           0x0000019b   Thumb Code     0  rtexit2.o(.ARM.Collect$$rtexit$$00000004)
    rand                                     0x000001a1   Thumb Code    48  rand.o(.emb_text)
    Reset_Handler                            0x000001d5   Thumb Code     4  startup_lpc17xx.o(.text)
    NMI_Handler                              0x000001d9   Thumb Code     2  startup_lpc17xx.o(.text)
    HardFault_Handler                        0x000001db   Thumb Code     2  startup_lpc17xx.o(.text)
    MemManage_Handler                        0x000001dd   Thumb Code     2  startup_lpc17xx.o(.text)
    BusFault_Handler                         0x000001df   Thumb Code     2  startup_lpc17xx.o(.text)
    UsageFault_Handler                       0x000001e1   Thumb Code     2  startup_lpc17xx.o(.text)
    SVC_Handler                              0x000001e3   Thumb Code     2  startup_lpc17xx.o(.text)
    DebugMon_Handler                         0x000001e5   Thumb Code     2  startup_lpc17xx.o(.text)
    PendSV_Handler                           0x000001e7   Thumb Code     2  startup_lpc17xx.o(.text)
    SysTick_Handler                          0x000001e9   Thumb Code     2  startup_lpc17xx.o(.text)
    ADC_IRQHandler                           0x000001eb   Thumb Code     0  startup_lpc17xx.o(.text)
    BOD_IRQHandler                           0x000001eb   Thumb Code     0  startup_lpc17xx.o(.text)
    CANActivity_IRQHandler                   0x000001eb   Thumb Code     0  startup_lpc17xx.o(.text)
    CAN_IRQHandler                           0x000001eb   Thumb Code     0  startup_lpc17xx.o(.text)
    DMA_IRQHandler                           0x000001eb   Thumb Code     0  startup_lpc17xx.o(.text)
    EINT3_IRQHandler                         0x000001eb   Thumb Code     0  startup_lpc17xx.o(.text)
    ENET_IRQHandler                          0x000001eb   Thumb Code     0  startup_lpc17xx.o(.text)
    I2C0_IRQHandler                          0x000001eb   Thumb Code     0  startup_lpc17xx.o(.text)
    I2C1_IRQHandler                          0x000001eb   Thumb Code     0  startup_lpc17xx.o(.text)
    I2C2_IRQHandler                          0x000001eb   Thumb Code     0  startup_lpc17xx.o(.text)
    I2S_IRQHandler                           0x000001eb   Thumb Code     0  startup_lpc17xx.o(.text)
    MCPWM_IRQHandler                         0x000001eb   Thumb Code     0  startup_lpc17xx.o(.text)
    PLL0_IRQHandler                          0x000001eb   Thumb Code     0  startup_lpc17xx.o(.text)
    PLL1_IRQHandler                          0x000001eb   Thumb Code     0  startup_lpc17xx.o(.text)
    PWM1_IRQHandler                          0x000001eb   Thumb Code     0  startup_lpc17xx.o(.text)
    QEI_IRQHandler                           0x000001eb   Thumb Code     0  startup_lpc17xx.o(.text)
    RTC_IRQHandler                           0x000001eb   Thumb Code     0  startup_lpc17xx.o(.text)
    SPI_IRQHandler                           0x000001eb   Thumb Code     0  startup_lpc17xx.o(.text)
    SSP0_IRQHandler                          0x000001eb   Thumb Code     0  startup_lpc17xx.o(.text)
    SSP1_IRQHandler                          0x000001eb   Thumb Code     0  startup_lpc17xx.o(.text)
    TIMER2_IRQHandler                        0x000001eb   Thumb Code     0  startup_lpc17xx.o(.text)
    TIMER3_IRQHandler                        0x000001eb   Thumb Code     0  startup_lpc17xx.o(.text)
    UART0_IRQHandler                         0x000001eb   Thumb Code     0  startup_lpc17xx.o(.text)
    UART1_IRQHandler                         0x000001eb   Thumb Code     0  startup_lpc17xx.o(.text)
    UART2_IRQHandler                         0x000001eb   Thumb Code     0  startup_lpc17xx.o(.text)
    UART3_IRQHandler                         0x000001eb   Thumb Code     0  startup_lpc17xx.o(.text)
    USBActivity_IRQHandler                   0x000001eb   Thumb Code     0  startup_lpc17xx.o(.text)
    USB_IRQHandler                           0x000001eb   Thumb Code     0  startup_lpc17xx.o(.text)
    WDT_IRQHandler                           0x000001eb   Thumb Code     0  startup_lpc17xx.o(.text)
    __user_initial_stackheap                 0x000001ed   Thumb Code     0  startup_lpc17xx.o(.text)
    enable_timer                             0x00000209   Thumb Code    32  lib_timer.o(.text)
    disable_timer                            0x00000229   Thumb Code    32  lib_timer.o(.text)
    reset_timer                              0x00000249   Thumb Code    34  lib_timer.o(.text)
    init_timer                               0x0000026d   Thumb Code    72  lib_timer.o(.text)
    GetASCIICode                             0x000002b5   Thumb Code    42  asciilib.o(.text)
    __use_two_region_memory                  0x000002df   Thumb Code     2  heapauxi.o(.text)
    __rt_heap_escrow$2region                 0x000002e1   Thumb Code     2  heapauxi.o(.text)
    __rt_heap_expand$2region                 0x000002e3   Thumb Code     2  heapauxi.o(.text)
    _sputc                                   0x000002e5   Thumb Code    10  _sputc.o(.text)
    __user_libspace                          0x000002f1   Thumb Code     8  libspace.o(.text)
    __user_perproc_libspace                  0x000002f1   Thumb Code     0  libspace.o(.text)
    __user_perthread_libspace                0x000002f1   Thumb Code     0  libspace.o(.text)
    __I$use$semihosting                      0x000002f9   Thumb Code     0  use_no_semi.o(.text)
    __use_no_semihosting_swi                 0x000002f9   Thumb Code     2  use_no_semi.o(.text)
    __semihosting_library_function           0x000002fb   Thumb Code     0  indicate_semi.o(.text)
    main                                     0x00000301   Thumb Code   284  sample.o(.text)
    SystemInit                               0x0000041d   Thumb Code   288  system_lpc17xx.o(.text)
    TIMER0_IRQHandler                        0x0000054d   Thumb Code   644  irq_timer.o(.text)
    TIMER1_IRQHandler                        0x000007d1   Thumb Code   718  irq_timer.o(.text)
    LCD_Initialization                       0x00000aa1   Thumb Code  4466  glcd.o(.text)
    LCD_Clear                                0x00001c15   Thumb Code   292  glcd.o(.text)
    LCD_GetPoint                             0x00001d39   Thumb Code   356  glcd.o(.text)
    LCD_SetPoint                             0x00001e9d   Thumb Code   322  glcd.o(.text)
    LCD_DrawLine                             0x00001fe1   Thumb Code   224  glcd.o(.text)
    PutChar                                  0x000020c1   Thumb Code   102  glcd.o(.text)
    GUI_Text                                 0x00002129   Thumb Code   156  glcd.o(.text)
    init_Grid                                0x000021c5   Thumb Code   152  lib_tetris.o(.text)
    set_Score                                0x0000225d   Thumb Code   196  lib_tetris.o(.text)
    update_Full_Grid                         0x00002335   Thumb Code   198  lib_tetris.o(.text)
    get_abs_positions                        0x000023fd   Thumb Code    82  lib_tetris.o(.text)
    check_colisions                          0x00002451   Thumb Code   122  lib_tetris.o(.text)
    rotate_current_piece                     0x000024cd   Thumb Code   246  lib_tetris.o(.text)
    set_Tetromino_on_Grid                    0x000025c5   Thumb Code    82  lib_tetris.o(.text)
    spawn_new_piece                          0x00002619   Thumb Code   510  lib_tetris.o(.text)
    check_and_clear_lines                    0x00002819   Thumb Code   178  lib_tetris.o(.text)
    check_gameover                           0x000028cd   Thumb Code    74  lib_tetris.o(.text)
    handle_gameover                          0x00002919   Thumb Code   160  lib_tetris.o(.text)
    display_title                            0x000029e9   Thumb Code   200  lib_tetris.o(.text)
    EINT0_IRQHandler                         0x00002b01   Thumb Code    18  irq_button.o(.text)
    EINT1_IRQHandler                         0x00002b15   Thumb Code    64  irq_button.o(.text)
    EINT2_IRQHandler                         0x00002b55   Thumb Code    64  irq_button.o(.text)
    BUTTON_init                              0x00002b95   Thumb Code   244  lib_button.o(.text)
    RIT_IRQHandler                           0x00002c89   Thumb Code  1074  irq_rit.o(.text)
    enable_RIT                               0x000030bd   Thumb Code    16  lib_rit.o(.text)
    disable_RIT                              0x000030cd   Thumb Code    14  lib_rit.o(.text)
    reset_RIT                                0x000030dd   Thumb Code    12  lib_rit.o(.text)
    init_RIT                                 0x000030e9   Thumb Code    70  lib_rit.o(.text)
    __2sprintf                               0x00003131   Thumb Code    34  noretval__2sprintf.o(.text)
    __printf                                 0x00003159   Thumb Code   104  __printf.o(.text)
    _printf_int_dec                          0x000031c1   Thumb Code   104  _printf_dec.o(.text)
    srand                                    0x00003239   Thumb Code    42  rand.o(.text)
    _rand_init                               0x00003263   Thumb Code     4  rand.o(.text)
    __aeabi_memclr4                          0x00003275   Thumb Code     0  rt_memclr_w.o(.text)
    __aeabi_memclr8                          0x00003275   Thumb Code     0  rt_memclr_w.o(.text)
    __rt_memclr_w                            0x00003275   Thumb Code     0  rt_memclr_w.o(.text)
    _memset_w                                0x00003279   Thumb Code    74  rt_memclr_w.o(.text)
    _printf_int_common                       0x000032c3   Thumb Code   178  _printf_intcommon.o(.text)
    _printf_char_common                      0x0000337f   Thumb Code    32  _printf_char_common.o(.text)
    __user_setup_stackheap                   0x000033a5   Thumb Code    74  sys_stackheap_outer.o(.text)
    exit                                     0x000033ef   Thumb Code    18  exit.o(.text)
    _sys_exit                                0x00003401   Thumb Code     8  sys_exit.o(.text)
    Region$$Table$$Base                      0x00003a10   Number         0  anon$$obj.o(Region$$Table)
    Region$$Table$$Limit                     0x00003a50   Number         0  anon$$obj.o(Region$$Table)
    LCD_height                               0x10000000   Data           4  lib_tetris.o(.data.LCD_height)
    LCD_width                                0x10000004   Data           4  lib_tetris.o(.data.LCD_width)
    SystemFrequency                          0x10000008   Data           4  system_lpc17xx.o(.data.SystemFrequency)
    grid_width                               0x1000000c   Data           4  lib_tetris.o(.data.grid_width)
    score_height                             0x10000010   Data           4  lib_tetris.o(.data.score_height)
    __libspace_start                         0x10000018   Data          96  libspace.o(.bss)
    __temporary_stack_top$libspace           0x10000078   Data           0  libspace.o(.bss)
    anchor                                   0x10000080   Data           8  lib_tetris.o(.bss.anchor)
    delta_h                                  0x10000088   Data           4  lib_tetris.o(.bss.delta_h)
    game_state                               0x1000008c   Data           1  lib_tetris.o(.bss.game_state)
    game_width                               0x10000090   Data           4  lib_tetris.o(.bss.game_width)
    lines_cleared                            0x10000094   Data           4  lib_tetris.o(.bss.lines_cleared)
    top_score                                0x10000098   Data           4  lib_tetris.o(.bss.top_score)
    all_shapes                               0x2007c000   Data         252  lib_tetris.o(.data.all_shapes)
    grid_height                              0x2007c0fc   Data           4  lib_tetris.o(.data.grid_height)
    _random_number_data                      0x2007c100   Data         228  rand.o(.bss)
    abs_piece                                0x2007c1e8   Data          36  lib_tetris.o(.bss.abs_piece)
    curr_score                               0x2007c20c   Data           4  lib_tetris.o(.bss.curr_score)
    delta_w                                  0x2007c210   Data           4  lib_tetris.o(.bss.delta_w)
    grid                                     0x2007c214   Data         200  lib_tetris.o(.bss.grid)
    piece                                    0x2007c2dc   Data          36  lib_tetris.o(.bss.piece)
    prev_grid                                0x2007c300   Data         200  lib_tetris.o(.bss.prev_grid)
    soft_drop                                0x2007c3c8   Data           4  lib_tetris.o(.bss.soft_drop)
    start_grid                               0x2007c3cc   Data         200  lib_tetris.o(.bss.start_grid)



==============================================================================

Memory Map of the image

  Image Entry point : 0x000000cd

  Load Region LR_IROM1 (Base: 0x00000000, Size: 0x00003b68, Max: 0x00080000, ABSOLUTE)

    Execution Region ER_IROM1 (Exec base: 0x00000000, Load base: 0x00000000, Size: 0x00003a50, Max: 0x00080000, ABSOLUTE)

    Exec Addr    Load Addr    Size         Type   Attr      Idx    E Section Name        Object

    0x00000000   0x00000000   0x000000cc   Data   RO            3    RESET               startup_lpc17xx.o
    0x000000cc   0x000000cc   0x00000008   Code   RO          194  * !!!main             c_w.l(__main.o)
    0x000000d4   0x000000d4   0x0000005c   Code   RO          407    !!!scatter          c_w.l(__scatter.o)
    0x00000130   0x00000130   0x0000001a   Code   RO          411    !!handler_copy      c_w.l(__scatter_copy.o)
    0x0000014a   0x0000014a   0x00000002   PAD
    0x0000014c   0x0000014c   0x00000002   Code   RO          408    !!handler_null      c_w.l(__scatter.o)
    0x0000014e   0x0000014e   0x00000002   PAD
    0x00000150   0x00000150   0x0000001c   Code   RO          413    !!handler_zi        c_w.l(__scatter_zi.o)
    0x0000016c   0x0000016c   0x00000000   Code   RO          182    .ARM.Collect$$_printf_percent$$00000000  c_w.l(_printf_percent.o)
    0x0000016c   0x0000016c   0x00000006   Code   RO          181    .ARM.Collect$$_printf_percent$$00000009  c_w.l(_printf_d.o)
    0x00000172   0x00000172   0x00000004   Code   RO          227    .ARM.Collect$$_printf_percent$$00000017  c_w.l(_printf_percent_end.o)
    0x00000176   0x00000176   0x00000002   Code   RO          324    .ARM.Collect$$libinit$$00000000  c_w.l(libinit.o)
    0x00000178   0x00000178   0x00000000   Code   RO          231    .ARM.Collect$$libinit$$00000002  c_w.l(libinit2.o)
    0x00000178   0x00000178   0x00000000   Code   RO          233    .ARM.Collect$$libinit$$00000004  c_w.l(libinit2.o)
    0x00000178   0x00000178   0x00000000   Code   RO          235    .ARM.Collect$$libinit$$00000006  c_w.l(libinit2.o)
    0x00000178   0x00000178   0x00000000   Code   RO          238    .ARM.Collect$$libinit$$0000000C  c_w.l(libinit2.o)
    0x00000178   0x00000178   0x00000000   Code   RO          240    .ARM.Collect$$libinit$$0000000E  c_w.l(libinit2.o)
    0x00000178   0x00000178   0x00000004   Code   RO          241    .ARM.Collect$$libinit$$0000000F  c_w.l(libinit2.o)
    0x0000017c   0x0000017c   0x00000000   Code   RO          242    .ARM.Collect$$libinit$$00000010  c_w.l(libinit2.o)
    0x0000017c   0x0000017c   0x00000000   Code   RO          245    .ARM.Collect$$libinit$$00000013  c_w.l(libinit2.o)
    0x0000017c   0x0000017c   0x00000000   Code   RO          247    .ARM.Collect$$libinit$$00000015  c_w.l(libinit2.o)
    0x0000017c   0x0000017c   0x00000000   Code   RO          249    .ARM.Collect$$libinit$$00000017  c_w.l(libinit2.o)
    0x0000017c   0x0000017c   0x00000000   Code   RO          251    .ARM.Collect$$libinit$$00000019  c_w.l(libinit2.o)
    0x0000017c   0x0000017c   0x00000000   Code   RO          253    .ARM.Collect$$libinit$$0000001B  c_w.l(libinit2.o)
    0x0000017c   0x0000017c   0x00000000   Code   RO          255    .ARM.Collect$$libinit$$0000001D  c_w.l(libinit2.o)
    0x0000017c   0x0000017c   0x00000000   Code   RO          257    .ARM.Collect$$libinit$$0000001F  c_w.l(libinit2.o)
    0x0000017c   0x0000017c   0x00000000   Code   RO          259    .ARM.Collect$$libinit$$00000021  c_w.l(libinit2.o)
    0x0000017c   0x0000017c   0x00000000   Code   RO          261    .ARM.Collect$$libinit$$00000023  c_w.l(libinit2.o)
    0x0000017c   0x0000017c   0x00000000   Code   RO          263    .ARM.Collect$$libinit$$00000025  c_w.l(libinit2.o)
    0x0000017c   0x0000017c   0x00000000   Code   RO          265    .ARM.Collect$$libinit$$00000027  c_w.l(libinit2.o)
    0x0000017c   0x0000017c   0x00000000   Code   RO          269    .ARM.Collect$$libinit$$0000002E  c_w.l(libinit2.o)
    0x0000017c   0x0000017c   0x00000000   Code   RO          271    .ARM.Collect$$libinit$$00000030  c_w.l(libinit2.o)
    0x0000017c   0x0000017c   0x00000000   Code   RO          273    .ARM.Collect$$libinit$$00000032  c_w.l(libinit2.o)
    0x0000017c   0x0000017c   0x00000000   Code   RO          275    .ARM.Collect$$libinit$$00000034  c_w.l(libinit2.o)
    0x0000017c   0x0000017c   0x00000002   Code   RO          276    .ARM.Collect$$libinit$$00000035  c_w.l(libinit2.o)
    0x0000017e   0x0000017e   0x00000002   Code   RO          366    .ARM.Collect$$libshutdown$$00000000  c_w.l(libshutdown.o)
    0x00000180   0x00000180   0x00000000   Code   RO          374    .ARM.Collect$$libshutdown$$00000002  c_w.l(libshutdown2.o)
    0x00000180   0x00000180   0x00000000   Code   RO          376    .ARM.Collect$$libshutdown$$00000004  c_w.l(libshutdown2.o)
    0x00000180   0x00000180   0x00000000   Code   RO          379    .ARM.Collect$$libshutdown$$00000007  c_w.l(libshutdown2.o)
    0x00000180   0x00000180   0x00000000   Code   RO          382    .ARM.Collect$$libshutdown$$0000000A  c_w.l(libshutdown2.o)
    0x00000180   0x00000180   0x00000000   Code   RO          384    .ARM.Collect$$libshutdown$$0000000C  c_w.l(libshutdown2.o)
    0x00000180   0x00000180   0x00000000   Code   RO          387    .ARM.Collect$$libshutdown$$0000000F  c_w.l(libshutdown2.o)
    0x00000180   0x00000180   0x00000002   Code   RO          388    .ARM.Collect$$libshutdown$$00000010  c_w.l(libshutdown2.o)
    0x00000182   0x00000182   0x00000000   Code   RO          220    .ARM.Collect$$rtentry$$00000000  c_w.l(__rtentry.o)
    0x00000182   0x00000182   0x00000000   Code   RO          289    .ARM.Collect$$rtentry$$00000002  c_w.l(__rtentry2.o)
    0x00000182   0x00000182   0x00000006   Code   RO          301    .ARM.Collect$$rtentry$$00000004  c_w.l(__rtentry4.o)
    0x00000188   0x00000188   0x00000000   Code   RO          291    .ARM.Collect$$rtentry$$00000009  c_w.l(__rtentry2.o)
    0x00000188   0x00000188   0x00000004   Code   RO          292    .ARM.Collect$$rtentry$$0000000A  c_w.l(__rtentry2.o)
    0x0000018c   0x0000018c   0x00000000   Code   RO          294    .ARM.Collect$$rtentry$$0000000C  c_w.l(__rtentry2.o)
    0x0000018c   0x0000018c   0x00000008   Code   RO          295    .ARM.Collect$$rtentry$$0000000D  c_w.l(__rtentry2.o)
    0x00000194   0x00000194   0x00000002   Code   RO          332    .ARM.Collect$$rtexit$$00000000  c_w.l(rtexit.o)
    0x00000196   0x00000196   0x00000000   Code   RO          344    .ARM.Collect$$rtexit$$00000002  c_w.l(rtexit2.o)
    0x00000196   0x00000196   0x00000004   Code   RO          345    .ARM.Collect$$rtexit$$00000003  c_w.l(rtexit2.o)
    0x0000019a   0x0000019a   0x00000006   Code   RO          346    .ARM.Collect$$rtexit$$00000004  c_w.l(rtexit2.o)
    0x000001a0   0x000001a0   0x00000034   Code   RO          183    .emb_text           c_w.l(rand.o)
    0x000001d4   0x000001d4   0x00000034   Code   RO            5    .text               startup_lpc17xx.o
    0x00000208   0x00000208   0x000000ac   Code   RO           41    .text               lib_timer.o
    0x000002b4   0x000002b4   0x0000002a   Code   RO           49    .text               asciilib.o
    0x000002de   0x000002de   0x00000006   Code   RO          192    .text               c_w.l(heapauxi.o)
    0x000002e4   0x000002e4   0x0000000a   Code   RO          225    .text               c_w.l(_sputc.o)
    0x000002ee   0x000002ee   0x00000002   PAD
    0x000002f0   0x000002f0   0x00000008   Code   RO          329    .text               c_w.l(libspace.o)
    0x000002f8   0x000002f8   0x00000002   Code   RO          340    .text               c_w.l(use_no_semi.o)
    0x000002fa   0x000002fa   0x00000000   Code   RO          342    .text               c_w.l(indicate_semi.o)
    0x000002fa   0x000002fa   0x00000002   PAD
    0x000002fc   0x000002fc   0x00000004   Code   RO            4    .ARM.__at_0x02FC    startup_lpc17xx.o
    0x00000300   0x00000300   0x0000011c   Code   RO           13    .text               sample.o
    0x0000041c   0x0000041c   0x00000130   Code   RO           22    .text               system_lpc17xx.o
    0x0000054c   0x0000054c   0x00000552   Code   RO           30    .text               irq_timer.o
    0x00000a9e   0x00000a9e   0x00000002   PAD
    0x00000aa0   0x00000aa0   0x00001724   Code   RO           58    .text               glcd.o
    0x000021c4   0x000021c4   0x0000093c   Code   RO           89    .text               lib_tetris.o
    0x00002b00   0x00002b00   0x00000094   Code   RO          120    .text               irq_button.o
    0x00002b94   0x00002b94   0x000000f4   Code   RO          127    .text               lib_button.o
    0x00002c88   0x00002c88   0x00000432   Code   RO          134    .text               irq_rit.o
    0x000030ba   0x000030ba   0x00000002   PAD
    0x000030bc   0x000030bc   0x00000072   Code   RO          143    .text               lib_rit.o
    0x0000312e   0x0000312e   0x00000002   PAD
    0x00003130   0x00003130   0x00000028   Code   RO          155    .text               c_w.l(noretval__2sprintf.o)
    0x00003158   0x00003158   0x00000068   Code   RO          157    .text               c_w.l(__printf.o)
    0x000031c0   0x000031c0   0x00000078   Code   RO          159    .text               c_w.l(_printf_dec.o)
    0x00003238   0x00003238   0x0000003c   Code   RO          184    .text               c_w.l(rand.o)
    0x00003274   0x00003274   0x0000004e   Code   RO          190    .text               c_w.l(rt_memclr_w.o)
    0x000032c2   0x000032c2   0x000000b2   Code   RO          221    .text               c_w.l(_printf_intcommon.o)
    0x00003374   0x00003374   0x00000030   Code   RO          223    .text               c_w.l(_printf_char_common.o)
    0x000033a4   0x000033a4   0x0000004a   Code   RO          311    .text               c_w.l(sys_stackheap_outer.o)
    0x000033ee   0x000033ee   0x00000012   Code   RO          313    .text               c_w.l(exit.o)
    0x00003400   0x00003400   0x0000000c   Code   RO          356    .text               c_w.l(sys_exit.o)
    0x0000340c   0x0000340c   0x0000000e   Data   RO          112    .rodata..Lswitch.table.spawn_new_piece  lib_tetris.o
    0x0000341a   0x0000341a   0x000005f0   Data   RO           51    .rodata.AsciiLib    asciilib.o
    0x00003a0a   0x00003a0a   0x00000005   Data   RO           99    .rodata.str1.1      lib_tetris.o
    0x00003a0f   0x00003a0f   0x00000001   PAD
    0x00003a10   0x00003a10   0x00000040   Data   RO          406    Region$$Table       anon$$obj.o


    Execution Region RW_IRAM1 (Exec base: 0x10000000, Load base: 0x00003a50, Size: 0x000004a0, Max: 0x00008000, ABSOLUTE)

    Exec Addr    Load Addr    Size         Type   Attr      Idx    E Section Name        Object

    0x10000000   0x00003a50   0x00000004   Data   RW           94    .data.LCD_height    lib_tetris.o
    0x10000004   0x00003a54   0x00000004   Data   RW           93    .data.LCD_width     lib_tetris.o
    0x10000008   0x00003a58   0x00000004   Data   RW           24    .data.SystemFrequency  system_lpc17xx.o
    0x1000000c   0x00003a5c   0x00000004   Data   RW           95    .data.grid_width    lib_tetris.o
    0x10000010   0x00003a60   0x00000004   Data   RW           92    .data.score_height  lib_tetris.o
    0x10000014   0x00003a64   0x00000004   PAD
    0x10000018        -       0x00000060   Zero   RW          330    .bss                c_w.l(libspace.o)
    0x10000078        -       0x00000004   Zero   RW           32    .bss.TIMER1_IRQHandler.down1  irq_timer.o
    0x1000007c        -       0x00000004   Zero   RW           33    .bss.TIMER1_IRQHandler.down2  irq_timer.o
    0x10000080        -       0x00000008   Zero   RW          107    .bss.anchor         lib_tetris.o
    0x10000088        -       0x00000004   Zero   RW          109    .bss.delta_h        lib_tetris.o
    0x1000008c        -       0x00000001   Zero   RW          102    .bss.game_state     lib_tetris.o
    0x1000008d   0x00003a64   0x00000003   PAD
    0x10000090        -       0x00000004   Zero   RW          111    .bss.game_width     lib_tetris.o
    0x10000094        -       0x00000004   Zero   RW          100    .bss.lines_cleared  lib_tetris.o
    0x10000098        -       0x00000004   Zero   RW          103    .bss.top_score      lib_tetris.o
    0x1000009c   0x00003a64   0x00000004   PAD
    0x100000a0        -       0x00000400   Zero   RW            1    STACK               startup_lpc17xx.o


    Execution Region RW_IRAM2 (Exec base: 0x2007c000, Load base: 0x00003a68, Size: 0x00000498, Max: 0x00008000, ABSOLUTE)

    Exec Addr    Load Addr    Size         Type   Attr      Idx    E Section Name        Object

    0x2007c000   0x00003a68   0x000000fc   Data   RW           91    .data.all_shapes    lib_tetris.o
    0x2007c0fc   0x00003b64   0x00000004   Data   RW           96    .data.grid_height   lib_tetris.o
    0x2007c100        -       0x000000e4   Zero   RW          185    .bss                c_w.l(rand.o)
    0x2007c1e4        -       0x00000004   Zero   RW          136    .bss.RIT_IRQHandler.select  irq_rit.o
    0x2007c1e8        -       0x00000024   Zero   RW          106    .bss.abs_piece      lib_tetris.o
    0x2007c20c        -       0x00000004   Zero   RW          101    .bss.curr_score     lib_tetris.o
    0x2007c210        -       0x00000004   Zero   RW          108    .bss.delta_w        lib_tetris.o
    0x2007c214        -       0x000000c8   Zero   RW           97    .bss.grid           lib_tetris.o
    0x2007c2dc        -       0x00000024   Zero   RW          105    .bss.piece          lib_tetris.o
    0x2007c300        -       0x000000c8   Zero   RW           98    .bss.prev_grid      lib_tetris.o
    0x2007c3c8        -       0x00000004   Zero   RW          110    .bss.soft_drop      lib_tetris.o
    0x2007c3cc        -       0x000000c8   Zero   RW          104    .bss.start_grid     lib_tetris.o
    0x2007c494   0x00003b68   0x00000004   PAD
    0x2007c498        -       0x00000000   Zero   RW            2    HEAP                startup_lpc17xx.o


==============================================================================

Image component sizes


      Code (inc. data)   RO Data    RW Data    ZI Data      Debug   Object Name

        42          0       1520          0          0        717   asciilib.o
      5924          0          0          0          0      18157   glcd.o
       148          0          0          0          0       4044   irq_button.o
      1074          0          0          0          4       3828   irq_rit.o
      1362          0          0          0          8       6089   irq_timer.o
       244          0          0          0          0       5635   lib_button.o
       114          0          0          0          0       3590   lib_rit.o
      2364        148         19        272        709       9292   lib_tetris.o
       172          0          0          0          0       3337   lib_timer.o
       284          0          0          0          0       2674   sample.o
        56         22        204          0       1024       1108   startup_lpc17xx.o
       304         20          0          4          0       1942   system_lpc17xx.o

    ----------------------------------------------------------------------
     12094        190       1808        276       1760      60413   Object Totals
         0          0         64          0          0          0   (incl. Generated)
         6          0          1          0         15          0   (incl. Padding)

    ----------------------------------------------------------------------

      Code (inc. data)   RO Data    RW Data    ZI Data      Debug   Library Member Name

         8          0          0          0          0         68   __main.o
       104          0          0          0          0         84   __printf.o
         0          0          0          0          0          0   __rtentry.o
        12          0          0          0          0          0   __rtentry2.o
         6          0          0          0          0          0   __rtentry4.o
        94          8          0          0          0          0   __scatter.o
        26          0          0          0          0          0   __scatter_copy.o
        28          0          0          0          0          0   __scatter_zi.o
        48          6          0          0          0         96   _printf_char_common.o
         6          0          0          0          0          0   _printf_d.o
       120         16          0          0          0         92   _printf_dec.o
       178          0          0          0          0         88   _printf_intcommon.o
         0          0          0          0          0          0   _printf_percent.o
         4          0          0          0          0          0   _printf_percent_end.o
        10          0          0          0          0         68   _sputc.o
        18          0          0          0          0         80   exit.o
         6          0          0          0          0        152   heapauxi.o
         0          0          0          0          0          0   indicate_semi.o
         2          0          0          0          0          0   libinit.o
         6          0          0          0          0          0   libinit2.o
         2          0          0          0          0          0   libshutdown.o
         2          0          0          0          0          0   libshutdown2.o
         8          4          0          0         96         68   libspace.o
        40          6          0          0          0         84   noretval__2sprintf.o
       112         18          0          0        228        160   rand.o
        78          0          0          0          0         80   rt_memclr_w.o
         2          0          0          0          0          0   rtexit.o
        10          0          0          0          0          0   rtexit2.o
        12          4          0          0          0         68   sys_exit.o
        74          0          0          0          0         80   sys_stackheap_outer.o
         2          0          0          0          0         68   use_no_semi.o

    ----------------------------------------------------------------------
      1026         62          0          0        324       1336   Library Totals
         8          0          0          0          0          0   (incl. Padding)

    ----------------------------------------------------------------------

      Code (inc. data)   RO Data    RW Data    ZI Data      Debug   Library Name

      1018         62          0          0        324       1336   c_w.l

    ----------------------------------------------------------------------
      1026         62          0          0        324       1336   Library Totals

    ----------------------------------------------------------------------

==============================================================================


      Code (inc. data)   RO Data    RW Data    ZI Data      Debug   

     13120        252       1808        276       2084      61041   Grand Totals
     13120        252       1808        276       2084      61041   ELF Image Totals
     13120        252       1808        276          0          0   ROM Totals

==============================================================================

    Total RO  Size (Code + RO Data)                14928 (  14.58kB)
    Total RW  Size (RW Data + ZI Data)              2360 (   2.30kB)
    Total ROM Size (Code + RO Data + RW Data)      15204 (  14.85kB)

==============================================================================

